[    0.000000] Linux version 4.15.0-139-generic (buildd@lgw01-amd64-035) (gcc version 7.5.0 (Ubuntu 7.5.0-3ubuntu1~18.04)) #143-Ubuntu SMP Tue Mar 16 01:30:17 UTC 2021 (Ubuntu 4.15.0-139.143-generic 4.15.18)
[    0.000000] Command line: BOOT_IMAGE=/boot/vmlinuz-4.15.0-139-generic root=LABEL=cloudimg-rootfs ro console=tty1 console=ttyS0
[    0.000000] KERNEL supported cpus:
[    0.000000]   Intel GenuineIntel
[    0.000000]   AMD AuthenticAMD
[    0.000000]   Centaur CentaurHauls
[    0.000000] x86/fpu: Supporting XSAVE feature 0x001: 'x87 floating point registers'
[    0.000000] x86/fpu: Supporting XSAVE feature 0x002: 'SSE registers'
[    0.000000] x86/fpu: Supporting XSAVE feature 0x004: 'AVX registers'
[    0.000000] x86/fpu: xstate_offset[2]:  576, xstate_sizes[2]:  256
[    0.000000] x86/fpu: Enabled xstate features 0x7, context size is 832 bytes, using 'standard' format.
[    0.000000] e820: BIOS-provided physical RAM map:
[    0.000000] BIOS-e820: [mem 0x0000000000000000-0x000000000009fbff] usable
[    0.000000] BIOS-e820: [mem 0x000000000009fc00-0x000000000009ffff] reserved
[    0.000000] BIOS-e820: [mem 0x00000000000f0000-0x00000000000fffff] reserved
[    0.000000] BIOS-e820: [mem 0x0000000000100000-0x000000003ffeffff] usable
[    0.000000] BIOS-e820: [mem 0x000000003fff0000-0x000000003fffffff] ACPI data
[    0.000000] BIOS-e820: [mem 0x00000000fec00000-0x00000000fec00fff] reserved
[    0.000000] BIOS-e820: [mem 0x00000000fee00000-0x00000000fee00fff] reserved
[    0.000000] BIOS-e820: [mem 0x00000000fffc0000-0x00000000ffffffff] reserved
[    0.000000] NX (Execute Disable) protection: active
[    0.000000] SMBIOS 2.5 present.
[    0.000000] DMI: innotek GmbH VirtualBox/VirtualBox, BIOS VirtualBox 12/01/2006
[    0.000000] Hypervisor detected: KVM
[    0.000000] e820: last_pfn = 0x3fff0 max_arch_pfn = 0x400000000
[    0.000000] MTRR: Disabled
[    0.000000] x86/PAT: MTRRs disabled, skipping PAT initialization too.
[    0.000000] CPU MTRRs all blank - virtualized system.
[    0.000000] x86/PAT: Configuration [0-7]: WB  WT  UC- UC  WB  WT  UC- UC  
[    0.000000] found SMP MP-table at [mem 0x0009fff0-0x0009ffff]
[    0.000000] Scanning 1 areas for low memory corruption
[    0.000000] RAMDISK: [mem 0x35a63000-0x36d28fff]
[    0.000000] ACPI: Early table checksum verification disabled
[    0.000000] ACPI: RSDP 0x00000000000E0000 000024 (v02 VBOX  )
[    0.000000] ACPI: XSDT 0x000000003FFF0030 00003C (v01 VBOX   VBOXXSDT 00000001 ASL  00000061)
[    0.000000] ACPI: FACP 0x000000003FFF00F0 0000F4 (v04 VBOX   VBOXFACP 00000001 ASL  00000061)
[    0.000000] ACPI: DSDT 0x000000003FFF0470 002325 (v02 VBOX   VBOXBIOS 00000002 INTL 20100528)
[    0.000000] ACPI: FACS 0x000000003FFF0200 000040
[    0.000000] ACPI: FACS 0x000000003FFF0200 000040
[    0.000000] ACPI: APIC 0x000000003FFF0240 00005C (v02 VBOX   VBOXAPIC 00000001 ASL  00000061)
[    0.000000] ACPI: SSDT 0x000000003FFF02A0 0001CC (v01 VBOX   VBOXCPUT 00000002 INTL 20100528)
[    0.000000] No NUMA configuration found
[    0.000000] Faking a node at [mem 0x0000000000000000-0x000000003ffeffff]
[    0.000000] NODE_DATA(0) allocated [mem 0x3ffc5000-0x3ffeffff]
[    0.000000] kvm-clock: cpu 0, msr 0:3ff44001, primary cpu clock
[    0.000000] kvm-clock: Using msrs 4b564d01 and 4b564d00
[    0.000000] kvm-clock: using sched offset of 5804228178 cycles
[    0.000000] clocksource: kvm-clock: mask: 0xffffffffffffffff max_cycles: 0x1cd42e4dffb, max_idle_ns: 881590591483 ns
[    0.000000] Zone ranges:
[    0.000000]   DMA      [mem 0x0000000000001000-0x0000000000ffffff]
[    0.000000]   DMA32    [mem 0x0000000001000000-0x000000003ffeffff]
[    0.000000]   Normal   empty
[    0.000000]   Device   empty
[    0.000000] Movable zone start for each node
[    0.000000] Early memory node ranges
[    0.000000]   node   0: [mem 0x0000000000001000-0x000000000009efff]
[    0.000000]   node   0: [mem 0x0000000000100000-0x000000003ffeffff]
[    0.000000] Reserved but unavailable: 98 pages
[    0.000000] Initmem setup node 0 [mem 0x0000000000001000-0x000000003ffeffff]
[    0.000000] ACPI: PM-Timer IO Port: 0x4008
[    0.000000] IOAPIC[0]: apic_id 2, version 32, address 0xfec00000, GSI 0-23
[    0.000000] ACPI: INT_SRC_OVR (bus 0 bus_irq 0 global_irq 2 dfl dfl)
[    0.000000] ACPI: INT_SRC_OVR (bus 0 bus_irq 9 global_irq 9 low level)
[    0.000000] Using ACPI (MADT) for SMP configuration information
[    0.000000] smpboot: Allowing 2 CPUs, 0 hotplug CPUs
[    0.000000] PM: Registered nosave memory: [mem 0x00000000-0x00000fff]
[    0.000000] PM: Registered nosave memory: [mem 0x0009f000-0x0009ffff]
[    0.000000] PM: Registered nosave memory: [mem 0x000a0000-0x000effff]
[    0.000000] PM: Registered nosave memory: [mem 0x000f0000-0x000fffff]
[    0.000000] e820: [mem 0x40000000-0xfebfffff] available for PCI devices
[    0.000000] Booting paravirtualized kernel on KVM
[    0.000000] clocksource: refined-jiffies: mask: 0xffffffff max_cycles: 0xffffffff, max_idle_ns: 7645519600211568 ns
[    0.000000] random: get_random_bytes called from start_kernel+0x99/0x500 with crng_init=0
[    0.000000] setup_percpu: NR_CPUS:8192 nr_cpumask_bits:2 nr_cpu_ids:2 nr_node_ids:1
[    0.000000] percpu: Embedded 45 pages/cpu s147456 r8192 d28672 u1048576
[    0.000000] PV qspinlock hash table entries: 256 (order: 0, 4096 bytes)
[    0.000000] Built 1 zonelists, mobility grouping on.  Total pages: 257913
[    0.000000] Policy zone: DMA32
[    0.000000] Kernel command line: BOOT_IMAGE=/boot/vmlinuz-4.15.0-139-generic root=LABEL=cloudimg-rootfs ro console=tty1 console=ttyS0
[    0.000000] Memory: 983020K/1048120K available (12300K kernel code, 2483K rwdata, 4276K rodata, 2440K init, 2724K bss, 65100K reserved, 0K cma-reserved)
[    0.000000] SLUB: HWalign=64, Order=0-3, MinObjects=0, CPUs=2, Nodes=1
[    0.000000] Kernel/User page tables isolation: enabled
[    0.000000] ftrace: allocating 39429 entries in 155 pages
[    0.004000] Hierarchical RCU implementation.
[    0.004000] 	RCU restricting CPUs from NR_CPUS=8192 to nr_cpu_ids=2.
[    0.004000] 	Tasks RCU enabled.
[    0.004000] RCU: Adjusting geometry for rcu_fanout_leaf=16, nr_cpu_ids=2
[    0.004000] NR_IRQS: 524544, nr_irqs: 440, preallocated irqs: 16
[    0.004000] Console: colour VGA+ 80x25
[    0.004000] console [tty1] enabled
[    0.004000] console [ttyS0] enabled
[    0.004000] ACPI: Core revision 20170831
[    0.004000] ACPI: 2 ACPI AML tables successfully acquired and loaded
[    0.004000] APIC: Switch to symmetric I/O mode setup
[    0.004000] x2apic enabled
[    0.004000] Switched APIC routing to physical x2apic.
[    0.008000] ..TIMER: vector=0x30 apic1=0 pin1=2 apic2=-1 pin2=-1
[    0.008004] tsc: Detected 2394.456 MHz processor
[    0.009746] Calibrating delay loop (skipped) preset value.. 4788.91 BogoMIPS (lpj=9577824)
[    0.012004] pid_max: default: 32768 minimum: 301
[    0.013797] Security Framework initialized
[    0.016004] Yama: becoming mindful.
[    0.017445] AppArmor: AppArmor initialized
[    0.024092] Dentry cache hash table entries: 131072 (order: 8, 1048576 bytes)
[    0.028121] Inode-cache hash table entries: 65536 (order: 7, 524288 bytes)
[    0.030545] Mount-cache hash table entries: 2048 (order: 2, 16384 bytes)
[    0.032010] Mountpoint-cache hash table entries: 2048 (order: 2, 16384 bytes)
[    0.035248] Last level iTLB entries: 4KB 1024, 2MB 1024, 4MB 1024
[    0.036005] Last level dTLB entries: 4KB 1024, 2MB 1024, 4MB 1024, 1GB 4
[    0.040004] Spectre V1 : Mitigation: usercopy/swapgs barriers and __user pointer sanitization
[    0.044007] Spectre V2 : Mitigation: Full generic retpoline
[    0.046072] Spectre V2 : Spectre v2 / SpectreRSB mitigation: Filling RSB on context switch
[    0.048003] Speculative Store Bypass: Vulnerable
[    0.049924] SRBDS: Unknown: Dependent on hypervisor status
[    0.052004] MDS: Vulnerable: Clear CPU buffers attempted, no microcode
[    0.056462] Freeing SMP alternatives memory: 36K
[    0.169621] smpboot: CPU0: Intel(R) Core(TM) i7-4500U CPU @ 1.80GHz (family: 0x6, model: 0x45, stepping: 0x1)
[    0.172000] Performance Events: unsupported p6 CPU model 69 no PMU driver, software events only.
[    0.172049] Hierarchical SRCU implementation.
[    0.176830] NMI watchdog: Perf event create on CPU 0 failed with -2
[    0.180003] NMI watchdog: Perf NMI watchdog permanently disabled
[    0.182466] smp: Bringing up secondary CPUs ...
[    0.184162] x86: Booting SMP configuration:
[    0.185908] .... node  #0, CPUs:      #1
[    0.004000] kvm-clock: cpu 1, msr 0:3ff44041, secondary cpu clock
[    0.192032] smp: Brought up 1 node, 2 CPUs
[    0.193708] smpboot: Max logical packages: 1
[    0.196007] smpboot: Total of 2 processors activated (9577.82 BogoMIPS)
[    0.198843] devtmpfs: initialized
[    0.200112] x86/mm: Memory block size: 128MB
[    0.202410] evm: security.selinux
[    0.204005] evm: security.SMACK64
[    0.205633] evm: security.SMACK64EXEC
[    0.208005] evm: security.SMACK64TRANSMUTE
[    0.209948] evm: security.SMACK64MMAP
[    0.212006] evm: security.apparmor
[    0.213601] evm: security.ima
[    0.214998] evm: security.capability
[    0.216272] clocksource: jiffies: mask: 0xffffffff max_cycles: 0xffffffff, max_idle_ns: 7645041785100000 ns
[    0.220031] futex hash table entries: 512 (order: 3, 32768 bytes)
[    0.228008] pinctrl core: initialized pinctrl subsystem
[    0.230425] RTC time: 16:12:14, date: 03/29/21
[    0.232303] NET: Registered protocol family 16
[    0.234532] audit: initializing netlink subsys (disabled)
[    0.236050] audit: type=2000 audit(1617034341.754:1): state=initialized audit_enabled=0 res=1
[    0.240045] cpuidle: using governor ladder
[    0.244011] cpuidle: using governor menu
[    0.245865] ACPI: bus type PCI registered
[    0.247578] acpiphp: ACPI Hot Plug PCI Controller Driver version: 0.5
[    0.248223] PCI: Using configuration type 1 for base access
[    0.256137] HugeTLB registered 2.00 MiB page size, pre-allocated 0 pages
[    0.260170] ACPI: Added _OSI(Module Device)
[    0.261946] ACPI: Added _OSI(Processor Device)
[    0.264007] ACPI: Added _OSI(3.0 _SCP Extensions)
[    0.266275] ACPI: Added _OSI(Processor Aggregator Device)
[    0.268042] ACPI: Added _OSI(Linux-Dell-Video)
[    0.269955] ACPI: Added _OSI(Linux-Lenovo-NV-HDMI-Audio)
[    0.272005] ACPI: Added _OSI(Linux-HPI-Hybrid-Graphics)
[    0.276571] ACPI: Executed 1 blocks of module-level executable AML code
[    0.293054] ACPI: Interpreter enabled
[    0.294704] ACPI: (supports S0 S5)
[    0.296004] ACPI: Using IOAPIC for interrupt routing
[    0.299037] PCI: Using host bridge windows from ACPI; if necessary, use "pci=nocrs" and report a bug
[    0.300460] ACPI: Enabled 2 GPEs in block 00 to 07
[    0.326408] ACPI: PCI Root Bridge [PCI0] (domain 0000 [bus 00-ff])
[    0.328011] acpi PNP0A03:00: _OSC: OS supports [ASPM ClockPM Segments MSI]
[    0.333548] acpi PNP0A03:00: _OSC: not requesting OS control; OS requires [ExtendedConfig ASPM ClockPM MSI]
[    0.336031] acpi PNP0A03:00: fail to add MMCONFIG information, can't access extended PCI configuration space under this bridge.
[    0.340941] PCI host bridge to bus 0000:00
[    0.344006] pci_bus 0000:00: root bus resource [io  0x0000-0x0cf7 window]
[    0.348011] pci_bus 0000:00: root bus resource [io  0x0d00-0xffff window]
[    0.350759] pci_bus 0000:00: root bus resource [mem 0x000a0000-0x000bffff window]
[    0.352005] pci_bus 0000:00: root bus resource [mem 0x40000000-0xfdffffff window]
[    0.356005] pci_bus 0000:00: root bus resource [bus 00-ff]
[    0.363600] pci 0000:00:01.1: legacy IDE quirk: reg 0x10: [io  0x01f0-0x01f7]
[    0.364005] pci 0000:00:01.1: legacy IDE quirk: reg 0x14: [io  0x03f6]
[    0.368005] pci 0000:00:01.1: legacy IDE quirk: reg 0x18: [io  0x0170-0x0177]
[    0.372005] pci 0000:00:01.1: legacy IDE quirk: reg 0x1c: [io  0x0376]
[    0.400049] pci 0000:00:07.0: quirk: [io  0x4000-0x403f] claimed by PIIX4 ACPI
[    0.404026] pci 0000:00:07.0: quirk: [io  0x4100-0x410f] claimed by PIIX4 SMB
[    0.424684] ACPI: PCI Interrupt Link [LNKA] (IRQs 5 9 10 *11)
[    0.428327] ACPI: PCI Interrupt Link [LNKB] (IRQs 5 9 *10 11)
[    0.430964] ACPI: PCI Interrupt Link [LNKC] (IRQs 5 *9 10 11)
[    0.432354] ACPI: PCI Interrupt Link [LNKD] (IRQs 5 9 10 *11)
[    0.436890] SCSI subsystem initialized
[    0.438557] pci 0000:00:02.0: vgaarb: setting as boot VGA device
[    0.438557] pci 0000:00:02.0: vgaarb: VGA device added: decodes=io+mem,owns=io+mem,locks=none
[    0.440008] pci 0000:00:02.0: vgaarb: bridge control possible
[    0.442504] vgaarb: loaded
[    0.444049] ACPI: bus type USB registered
[    0.445912] usbcore: registered new interface driver usbfs
[    0.448022] usbcore: registered new interface driver hub
[    0.449989] usbcore: registered new device driver usb
[    0.452097] EDAC MC: Ver: 3.0.0
[    0.453852] PCI: Using ACPI for IRQ routing
[    0.456553] NetLabel: Initializing
[    0.458116] NetLabel:  domain hash size = 128
[    0.460003] NetLabel:  protocols = UNLABELED CIPSOv4 CALIPSO
[    0.464031] NetLabel:  unlabeled traffic allowed by default
[    0.466354] clocksource: Switched to clocksource kvm-clock
[    0.511990] VFS: Disk quotas dquot_6.6.0
[    0.513731] VFS: Dquot-cache hash table entries: 512 (order 0, 4096 bytes)
[    0.516586] AppArmor: AppArmor Filesystem Enabled
[    0.518662] pnp: PnP ACPI init
[    0.522978] pnp: PnP ACPI: found 3 devices
[    0.537096] clocksource: acpi_pm: mask: 0xffffff max_cycles: 0xffffff, max_idle_ns: 2085701024 ns
[    0.540154] NET: Registered protocol family 2
[    0.543357] TCP established hash table entries: 8192 (order: 4, 65536 bytes)
[    0.546488] TCP bind hash table entries: 8192 (order: 5, 131072 bytes)
[    0.553153] TCP: Hash tables configured (established 8192 bind 8192)
[    0.556065] UDP hash table entries: 512 (order: 2, 16384 bytes)
[    0.558432] UDP-Lite hash table entries: 512 (order: 2, 16384 bytes)
[    0.561034] NET: Registered protocol family 1
[    0.562916] pci 0000:00:00.0: Limiting direct PCI/PCI transfers
[    0.565297] pci 0000:00:01.0: Activating ISA DMA hang workarounds
[    0.567684] pci 0000:00:02.0: Video device with shadowed ROM at [mem 0x000c0000-0x000dffff]
[    0.571544] Unpacking initramfs...
[    1.354424] Freeing initrd memory: 19224K
[    1.356411] clocksource: tsc: mask: 0xffffffffffffffff max_cycles: 0x2283c236f90, max_idle_ns: 440795217409 ns
[    1.360596] platform rtc_cmos: registered platform RTC device (no PNP device found)
[    1.363603] Scanning for low memory corruption every 60 seconds
[    1.367566] Initialise system trusted keyrings
[    1.369430] Key type blacklist registered
[    1.371376] workingset: timestamp_bits=36 max_order=18 bucket_order=0
[    1.376927] zbud: loaded
[    1.379349] squashfs: version 4.0 (2009/01/31) Phillip Lougher
[    1.382204] fuse init (API version 7.26)
[    1.388822] Key type asymmetric registered
[    1.390381] Asymmetric key parser 'x509' registered
[    1.392286] Block layer SCSI generic (bsg) driver version 0.4 loaded (major 246)
[    1.395264] io scheduler noop registered
[    1.396845] io scheduler deadline registered
[    1.398523] io scheduler cfq registered (default)
[    1.400921] ACPI: AC Adapter [AC] (on-line)
[    1.402638] input: Power Button as /devices/LNXSYSTM:00/LNXPWRBN:00/input/input0
[    1.405729] ACPI: Power Button [PWRF]
[    1.407388] input: Sleep Button as /devices/LNXSYSTM:00/LNXSLPBN:00/input/input1
[    1.410370] ACPI: Sleep Button [SLPF]
[    1.414589] ACPI: Battery Slot [BAT0] (battery present)
[    1.417014] Serial: 8250/16550 driver, 32 ports, IRQ sharing enabled
[    1.441312] 00:02: ttyS0 at I/O 0x3f8 (irq = 4, base_baud = 115200) is a 16550A
[    1.448134] Linux agpgart interface v0.103
[    1.452639] loop: module loaded
[    1.455484] scsi host0: ata_piix
[    1.457304] scsi host1: ata_piix
[    1.458882] ata1: PATA max UDMA/33 cmd 0x1f0 ctl 0x3f6 bmdma 0xd000 irq 14
[    1.461891] ata2: PATA max UDMA/33 cmd 0x170 ctl 0x376 bmdma 0xd008 irq 15
[    1.464519] libphy: Fixed MDIO Bus: probed
[    1.466206] tun: Universal TUN/TAP device driver, 1.6
[    1.468227] PPP generic driver version 2.4.2
[    1.470165] ehci_hcd: USB 2.0 'Enhanced' Host Controller (EHCI) Driver
[    1.472843] ehci-pci: EHCI PCI platform driver
[    1.474788] ehci-platform: EHCI generic platform driver
[    1.477023] ohci_hcd: USB 1.1 'Open' Host Controller (OHCI) Driver
[    1.479568] ohci-pci: OHCI PCI platform driver
[    1.481517] ohci-platform: OHCI generic platform driver
[    1.483593] uhci_hcd: USB Universal Host Controller Interface driver
[    1.486288] i8042: PNP: PS/2 Controller [PNP0303:PS2K,PNP0f03:PS2M] at 0x60,0x64 irq 1,12
[    1.490612] serio: i8042 KBD port at 0x60,0x64 irq 1
[    1.492730] serio: i8042 AUX port at 0x60,0x64 irq 12
[    1.495042] mousedev: PS/2 mouse device common for all mice
[    1.498358] input: AT Translated Set 2 keyboard as /devices/platform/i8042/serio0/input/input2
[    1.501868] rtc_cmos rtc_cmos: rtc core: registered rtc_cmos as rtc0
[    1.504709] rtc_cmos rtc_cmos: alarms up to one day, 114 bytes nvram
[    1.507196] i2c /dev entries driver
[    1.508878] device-mapper: uevent: version 1.0.3
[    1.511199] device-mapper: ioctl: 4.37.0-ioctl (2017-09-20) initialised: dm-devel@redhat.com
[    1.514625] ledtrig-cpu: registered to indicate activity on CPUs
[    1.517842] NET: Registered protocol family 10
[    1.526749] Segment Routing with IPv6
[    1.528337] NET: Registered protocol family 17
[    1.530580] Key type dns_resolver registered
[    1.532920] mce: Using 0 MCE banks
[    1.534464] RAS: Correctable Errors collector initialized.
[    1.536831] sched_clock: Marking stable (1536768898, 0)->(1965835412, -429066514)
[    1.541301] registered taskstats version 1
[    1.543277] Loading compiled-in X.509 certificates
[    1.549352] Loaded X.509 cert 'Build time autogenerated kernel key: 9b9955b80c271df2d4651fb935031a2c1666e8fa'
[    1.553632] zswap: loaded using pool lzo/zbud
[    1.562294] Key type big_key registered
[    1.563949] Key type trusted registered
[    1.569063] Key type encrypted registered
[    1.570830] AppArmor: AppArmor sha1 policy hashing enabled
[    1.573161] ima: No TPM chip found, activating TPM-bypass! (rc=-19)
[    1.575755] ima: Allocated hash algorithm: sha1
[    1.577903] evm: HMAC attrs: 0x1
[    1.579756]   Magic number: 13:27:238
[    1.581511] rtc_cmos rtc_cmos: setting system clock to 2021-03-29 16:12:15 UTC (1617034335)
[    1.584895] BIOS EDD facility v0.16 2004-Jun-25, 0 devices found
[    1.587296] EDD information not available.
[    1.665760] Freeing unused kernel image memory: 2440K
[    1.673000] Write protecting the kernel read-only data: 20480k
[    1.677009] Freeing unused kernel image memory: 2008K
[    1.679628] Freeing unused kernel image memory: 1868K
[    1.720012] x86/mm: Checked W+X mappings: passed, no W+X pages found.
[    1.723307] x86/mm: Checking user space page tables
[    1.765500] x86/mm: Checked W+X mappings: passed, no W+X pages found.
Loading, please wait...
starting version 237
[    1.933655] e1000: Intel(R) PRO/1000 Network Driver - version 7.3.21-k8-NAPI
[    1.937001] e1000: Copyright (c) 1999-2006 Intel Corporation.
[    1.957534] Fusion MPT base driver 3.04.20
[    1.959617] Copyright (c) 1999-2008 LSI Corporation
[    1.965160] AVX2 version of gcm_enc/dec engaged.
[    1.967548] AES CTR mode by8 optimization enabled
[    2.010794] Fusion MPT SPI Host driver 3.04.20
[    2.150407] input: ImExPS/2 Generic Explorer Mouse as /devices/platform/i8042/serio1/input/input4
[    2.487367] e1000 0000:00:03.0 eth0: (PCI:33MHz:32-bit) 02:45:97:fd:e2:17
[    2.490021] e1000 0000:00:03.0 eth0: Intel(R) PRO/1000 Network Connection
[    2.495113] mptbase: ioc0: Initiating bringup
[    3.730998] ioc0: LSI53C1030 A0: Capabilities={Initiator}
[    6.771144] scsi host2: ioc0: LSI53C1030 A0, FwRev=00000000h, Ports=1, MaxQ=256, IRQ=20
[    8.779107] scsi 2:0:0:0: Direct-Access     VBOX     HARDDISK         1.0  PQ: 0 ANSI: 5
[    8.812386] scsi target2:0:0: Beginning Domain Validation
[    8.817625] scsi target2:0:0: Domain Validation skipping write tests
[    8.820939] scsi target2:0:0: Ending Domain Validation
[    8.823718] scsi target2:0:0: asynchronous
[    8.826842] scsi 2:0:1:0: Direct-Access     VBOX     HARDDISK         1.0  PQ: 0 ANSI: 5
[    9.184156] scsi target2:0:1: Beginning Domain Validation
[    9.188216] random: fast init done
[    9.191292] scsi target2:0:1: Domain Validation skipping write tests
[    9.194262] scsi target2:0:1: Ending Domain Validation
[    9.196854] scsi target2:0:1: asynchronous
[    9.205505] random: systemd-udevd: uninitialized urandom read (16 bytes read)
[    9.209533] sd 2:0:0:0: Attached scsi generic sg0 type 0
[    9.210014] sd 2:0:0:0: [sda] 83886080 512-byte logical blocks: (42.9 GB/40.0 GiB)
[    9.212471] sd 2:0:1:0: Attached scsi generic sg1 type 0
[    9.216287] random: systemd-udevd: uninitialized urandom read (16 bytes read)
[    9.219016] sd 2:0:0:0: [sda] Write Protect is off
[    9.223598] random: systemd-udevd: uninitialized urandom read (16 bytes read)
[    9.229099] sd 2:0:1:0: [sdb] 20480 512-byte logical blocks: (10.5 MB/10.0 MiB)
[    9.229292] sd 2:0:0:0: [sda] Incomplete mode parameter data
[    9.235821] sd 2:0:0:0: [sda] Assuming drive cache: write through
[    9.238948] sd 2:0:1:0: [sdb] Write Protect is off
[    9.241949] sd 2:0:1:0: [sdb] Incomplete mode parameter data
[    9.244963] sd 2:0:1:0: [sdb] Assuming drive cache: write through
[    9.255142] e1000 0000:00:08.0 eth1: (PCI:33MHz:32-bit) 08:00:27:1d:80:86
[    9.260571] e1000 0000:00:08.0 eth1: Intel(R) PRO/1000 Network Connection
[    9.264943] e1000 0000:00:08.0 enp0s8: renamed from eth1
[    9.272348]  sda: sda1
[    9.274432] sd 2:0:0:0: [sda] Attached SCSI disk
[    9.283006] e1000 0000:00:03.0 enp0s3: renamed from eth0
[    9.299796] sd 2:0:1:0: [sdb] Attached SCSI disk
Begin: Loading essential drivers ... [   11.660500] raid6: sse2x1   gen()  2321 MB/s
[   11.708349] raid6: sse2x1   xor()  1589 MB/s
[   11.756436] raid6: sse2x2   gen()  3276 MB/s
[   11.804126] raid6: sse2x2   xor()  2073 MB/s
[   11.852086] raid6: sse2x4   gen()  6104 MB/s
[   11.900094] raid6: sse2x4   xor()  3614 MB/s
[   11.948496] raid6: avx2x1   gen()  4800 MB/s
[   11.996401] raid6: avx2x1   xor()  2705 MB/s
[   12.044206] raid6: avx2x2   gen()  8737 MB/s
[   12.092083] raid6: avx2x2   xor()  4935 MB/s
[   12.140071] raid6: avx2x4   gen() 12343 MB/s
[   12.188083] raid6: avx2x4   xor()  7319 MB/s
[   12.189753] raid6: using algorithm avx2x4 gen() 12343 MB/s
[   12.191831] raid6: .... xor() 7319 MB/s, rmw enabled
[   12.194025] raid6: using avx2x2 recovery algorithm
[   12.198877] xor: automatically using best checksumming function   avx       
[   12.203136] async_tx: api initialized (async)
done.
Begin: Running /scripts/init-premount ... done.
Begin: Mounting root file system ... Begin: Running /scripts/local-top ... done.
Begin: Running /scripts/local-premount ... [   12.306316] Btrfs loaded, crc32c=crc32c-intel
Scanning for Btrfs filesystems
done.
Warning: fsck not present, so skipping root file system
[   12.429892] EXT4-fs (sda1): mounted filesystem with ordered data mode. Opts: (null)
done.
Begin: Running /scripts/local-bottom ... done.
Begin: Running /scripts/init-bottom ... done.
[   13.753951] ip_tables: (C) 2000-2006 Netfilter Core Team
[   13.889479] systemd[1]: systemd 237 running in system mode. (+PAM +AUDIT +SELINUX +IMA +APPARMOR +SMACK +SYSVINIT +UTMP +LIBCRYPTSETUP +GCRYPT +GNUTLS +ACL +XZ +LZ4 +SECCOMP +BLKID +ELFUTILS +KMOD -IDN2 +IDN -PCRE2 default-hierarchy=hybrid)
[   13.899477] systemd[1]: Detected virtualization oracle.
[   13.901720] systemd[1]: Detected architecture x86-64.

Welcome to [1mUbuntu 18.04.5 LTS[0m!

[   13.940423] systemd[1]: Set hostname to <ubuntu>.
[   13.965459] systemd[1]: Initializing machine ID from random generator.
[   13.968181] systemd[1]: Installed transient /etc/machine-id file.
[   14.272958] random: crng init done
[   14.274568] random: 7 urandom warning(s) missed due to ratelimiting
[   16.231013] systemd[1]: Reached target User and Group Name Lookups.
[[0;32m  OK  [0m] Reached target User and Group Name Lookups.
[   16.238180] systemd[1]: Created slice User and Session Slice.
[[0;32m  OK  [0m] Created slice User and Session Slice.
[   16.242482] systemd[1]: Created slice System Slice.
[[0;32m  OK  [0m] Created slice System Slice.
[   16.252733] systemd[1]: Listening on LVM2 poll daemon socket.
[[0;32m  OK  [0m] Listening on LVM2 poll daemon socket.
[[0;32m  OK  [0m] Reached target Slices.
[[0;32m  OK  [0m] Listening on /dev/initctl Compatibility Named Pipe.
[[0;32m  OK  [0m] Listening on udev Control Socket.
[[0;32m  OK  [0m] Listening on Syslog Socket.
[[0;32m  OK  [0m] Listening on LVM2 metadata daemon socket.
[[0;32m  OK  [0m] Listening on Journal Socket (/dev/log).
[[0;32m  OK  [0m] Listening on Network Service Netlink Socket.
[[0;32m  OK  [0m] Reached target Swap.
[[0;32m  OK  [0m] Listening on udev Kernel Socket.
[[0;32m  OK  [0m] Reached target System Time Synchronized.
[[0;32m  OK  [0m] Started Forward Password Requests to Wall Directory Watch.
[[0;32m  OK  [0m] Set up automount Arbitrary Executabâ€¦rmats File System Automount Point.
[[0;32m  OK  [0m] Listening on Journal Socket.
         Starting Uncomplicated firewall...
         Mounting POSIX Message Queue File System...
         Starting Load Kernel Modules...
         Mounting Huge Pages File System...
         Starting Create list of required stâ€¦ce nodes for the current kernel...
         Starting udev Coldplug all Devices...
         Mounting Kernel Debug File System...
[[0;32m  OK  [0m] Listening on fsck to fsckd communication Socket.
         Starting Set the console keyboard layout...
         Starting File System Check on Root Device...
[[0;32m  OK  [0m] Created slice system-serial\x2dgetty.slice.
[[0;32m  OK  [0m] Listening on Device-mapper event daemon FIFOs.
         Starting Monitoring of LVM2 mirrorsâ€¦ng dmeventd or progress polling...
[[0;32m  OK  [0m] Listening on Journal Audit Socket.
         Starting Journal Service...
[[0;32m  OK  [0m] Started Uncomplicated firewall.
[[0;32m  OK  [0m] Mounted POSIX Message Queue File System.
[[0;32m  OK  [0m] Mounted Huge Pages File System.
[[0;32m  OK  [0m] Started Create list of required staâ€¦vice nodes for the current kernel.
[[0;32m  OK  [0m] Mounted Kernel Debug File System.
[[0;32m  OK  [0m] Started File System Check Daemon to report status.
         Starting Create Static Device Nodes in /dev...
[[0;32m  OK  [0m] Started udev Coldplug all Devices.
[   17.122476] Loading iSCSI transport class v2.0-870.
[[0;32m  OK  [0m] Started Journal Service.
[   17.493059] iscsi: registered transport (tcp)
[[0;32m  OK  [0m] Started Set the console keyboard layout.
[[0;32m  OK  [0m] Started File System Check on Root Device.
         Starting Remount Root and Kernel File Systems...
[[0;32m  OK  [0m] Started Create Static Device Nodes in /dev.
[   18.308772] EXT4-fs (sda1): re-mounted. Opts: (null)
[[0;32m  OK  [0m] Started Remount Root and Kernel File Systems.
         Starting Load/Save Random Seed...
         Starting Flush Journal to Persistent Storage...
         Starting udev Kernel Device Manager...
[[0;32m  OK  [0m] Started Load/Save Random Seed.
[[0;32m  OK  [0m] Started LVM2 metadata daemon.
[   18.523662] systemd-journald[409]: Received request to flush runtime journal from PID 1
[   18.545796] iscsi: registered transport (iser)
[[0;32m  OK  [0m] Started Load Kernel Modules.
         Mounting FUSE Control File System...
         Starting Apply Kernel Variables...
         Mounting Kernel Configuration File System...
[[0;32m  OK  [0m] Mounted FUSE Control File System.
[[0;32m  OK  [0m] Mounted Kernel Configuration File System.
[[0;32m  OK  [0m] Started udev Kernel Device Manager.
[[0;32m  OK  [0m] Started Dispatch Password Requests to Console Directory Watch.
[[0;32m  OK  [0m] Reached target Local Encrypted Volumes.
[[0;32m  OK  [0m] Started Apply Kernel Variables.
[[0;32m  OK  [0m] Started Monitoring of LVM2 mirrors,â€¦sing dmeventd or progress polling.
[[0;32m  OK  [0m] Reached target Local File Systems (Pre).
[[0;32m  OK  [0m] Reached target Local File Systems.
         Starting Set console font and keymap...
         Starting AppArmor initialization...
         Starting Tell Plymouth To Write Out Runtime Data...
         Starting Commit a transient machine-id on disk...
         Starting ebtables ruleset management...
[[0;32m  OK  [0m] Started Flush Journal to Persistent Storage.
         Starting Create Volatile Files and Directories...
[[0;32m  OK  [0m] Started Set console font and keymap.
[[0;32m  OK  [0m] Started Tell Plymouth To Write Out Runtime Data.
[[0;32m  OK  [0m] Started Create Volatile Files and Directories.
         Starting Update UTMP about System Boot/Shutdown...
[[0;32m  OK  [0m] Started Commit a transient machine-id on disk.
[[0;32m  OK  [0m] Started Update UTMP about System Boot/Shutdown.
[[0;32m  OK  [0m] Started ebtables ruleset management.
[[0;32m  OK  [0m] Found device /dev/ttyS0.
[[0;32m  OK  [0m] Listening on Load/Save RF Kill Switch Status /dev/rfkill Watch.
[[0;32m  OK  [0m] Started AppArmor initialization.
         Starting Initial cloud-init job (pre-networking)...
         Starting Load AppArmor profiles managed internally by snapd...
[[0;32m  OK  [0m] Started Load AppArmor profiles managed internally by snapd.
[   31.840782] cloud-init[569]: Cloud-init v. 20.4.1-0ubuntu1~18.04.1 running 'init-local' at Mon, 29 Mar 2021 16:12:44 +0000. Up 30.51 seconds.
[[0;32m  OK  [0m] Started Initial cloud-init job (pre-networking).
[[0;32m  OK  [0m] Reached target Network (Pre).
         Starting Network Service...
[[0;32m  OK  [0m] Started Network Service.
         Starting Network Name Resolution...
         Starting Wait for Network to be Configured...
[[0;32m  OK  [0m] Started Network Name Resolution.
[[0;32m  OK  [0m] Reached target Host and Network Name Lookups.
[[0;32m  OK  [0m] Reached target Network.
[[0;32m  OK  [0m] Started Wait for Network to be Configured.
         Starting Initial cloud-init job (metadata service crawler)...
[   35.786330] cloud-init[709]: Cloud-init v. 20.4.1-0ubuntu1~18.04.1 running 'init' at Mon, 29 Mar 2021 16:12:49 +0000. Up 35.31 seconds.
[   35.791080] cloud-init[709]: ci-info: ++++++++++++++++++++++++++++++++++++++Net device info+++++++++++++++++++++++++++++++++++++++
[   35.794030] cloud-init[709]: ci-info: +--------+-------+----------------------------+---------------+--------+-------------------+
[   35.800341] cloud-init[709]: ci-info: | Device |   Up  |          Address           |      Mask     | Scope  |     Hw-Address    |
[   35.803348] cloud-init[709]: ci-info: +--------+-------+----------------------------+---------------+--------+-------------------+
[   35.807086] cloud-init[709]: ci-info: | enp0s3 |  True |         10.0.2.15          | 255.255.255.0 | global | 02:45:97:fd:e2:17 |
[   35.810569] cloud-init[709]: ci-info: | enp0s3 |  True | fe80::45:97ff:fefd:e217/64 |       .       |  link  | 02:45:97:fd:e2:17 |
[   35.813404] cloud-init[709]: ci-info: | enp0s8 | False |             .              |       .       |   .    | 08:00:27:1d:80:86 |
[   35.817417] cloud-init[709]: ci-info: |   lo   |  True |         127.0.0.1          |   255.0.0.0   |  host  |         .         |
[   35.820364] cloud-init[709]: ci-info: |   lo   |  True |          ::1/128           |       .       |  host  |         .         |
[   35.832591] cloud-init[709]: ci-info: +--------+-------+----------------------------+---------------+--------+-------------------+
[   35.836640] cloud-init[709]: ci-info: ++++++++++++++++++++++++++++Route IPv4 info+++++++++++++++++++++++++++++
[   35.843217] cloud-init[709]: ci-info: +-------+-------------+----------+-----------------+-----------+-------+
[   35.845769] cloud-init[709]: ci-info: | Route | Destination | Gateway  |     Genmask     | Interface | Flags |
[   35.848177] cloud-init[709]: ci-info: +-------+-------------+----------+-----------------+-----------+-------+
[   35.850915] cloud-init[709]: ci-info: |   0   |   0.0.0.0   | 10.0.2.2 |     0.0.0.0     |   enp0s3  |   UG  |
[   35.853364] cloud-init[709]: ci-info: |   1   |   10.0.2.0  | 0.0.0.0  |  255.255.255.0  |   enp0s3  |   U   |
[   35.857502] cloud-init[709]: ci-info: |   2   |   10.0.2.2  | 0.0.0.0  | 255.255.255.255 |   enp0s3  |   UH  |
[   35.861036] cloud-init[709]: ci-info: +-------+-------------+----------+-----------------+-----------+-------+
[   35.863485] cloud-init[709]: ci-info: +++++++++++++++++++Route IPv6 info+++++++++++++++++++
[   35.865906] cloud-init[709]: ci-info: +-------+-------------+---------+-----------+-------+
[   35.868164] cloud-init[709]: ci-info: | Route | Destination | Gateway | Interface | Flags |
[   35.870350] cloud-init[709]: ci-info: +-------+-------------+---------+-----------+-------+
[   35.874589] cloud-init[709]: ci-info: |   1   |  fe80::/64  |    ::   |   enp0s3  |   U   |
[   35.878032] cloud-init[709]: ci-info: |   3   |    local    |    ::   |   enp0s3  |   U   |
[   35.880334] cloud-init[709]: ci-info: |   4   |   ff00::/8  |    ::   |   enp0s3  |   U   |
[   35.882824] cloud-init[709]: ci-info: +-------+-------------+---------+-----------+-------+
[   39.895723] cloud-init[709]: Generating public/private rsa key pair.
[   39.897734] cloud-init[709]: Your identification has been saved in /etc/ssh/ssh_host_rsa_key.
[   39.901223] cloud-init[709]: Your public key has been saved in /etc/ssh/ssh_host_rsa_key.pub.
[   39.903746] cloud-init[709]: The key fingerprint is:
[   39.906608] cloud-init[709]: SHA256:gXuO/GMbquMDBPA/x7vCiT6XcFh9jCizOylNoz0lNxQ root@ubuntu-bionic
[   39.912938] cloud-init[709]: The key's randomart image is:
[   39.915073] cloud-init[709]: +---[RSA 2048]----+
[   39.916574] cloud-init[709]: |o                |
[   39.918694] cloud-init[709]: |..  E  .         |
[   39.920265] cloud-init[709]: | ..  +.o.        |
[   39.923630] cloud-init[709]: |  +.+.o.o.       |
[   39.936853] cloud-init[709]: | . Bo +.S        |
[   39.940336] cloud-init[709]: |  O =+ =         |
[   39.952435] cloud-init[709]: | = & ++ o        |
[   39.954842] cloud-init[709]: |o X O  +o.       |
[   39.957037] cloud-init[709]: | o.*o=o.oo       |
[   39.969020] cloud-init[709]: +----[SHA256]-----+
[   39.981170] cloud-init[709]: Generating public/private dsa key pair.
[   39.983289] cloud-init[709]: Your identification has been saved in /etc/ssh/ssh_host_dsa_key.
[   39.986221] cloud-init[709]: Your public key has been saved in /etc/ssh/ssh_host_dsa_key.pub.
[   39.990479] cloud-init[709]: The key fingerprint is:
[   39.992738] cloud-init[709]: SHA256:gZ6MEq/xKzNz24SNOYQWOVfxIziaBvGoBP7yxMFSXJw root@ubuntu-bionic
[   39.996326] cloud-init[709]: The key's randomart image is:
[   39.998213] cloud-init[709]: +---[DSA 1024]----+
[   39.999828] cloud-init[709]: |o ..o.+.         |
[   40.001507] cloud-init[709]: |o+oo E o         |
[   40.003170] cloud-init[709]: |o+*o+ o +        |
[   40.004684] cloud-init[709]: |o.+X.= o o       |
[   40.006830] cloud-init[709]: |..O++ + S        |
[   40.008949] cloud-init[709]: | o+* =           |
[   40.011089] cloud-init[709]: |  ..* o          |
[   40.013055] cloud-init[709]: |  = .=           |
[   40.014750] cloud-init[709]: |   *o..          |
[   40.016540] cloud-init[709]: +----[SHA256]-----+
[   40.017982] cloud-init[709]: Generating public/private ecdsa key pair.
[   40.020115] cloud-init[709]: Your identification has been saved in /etc/ssh/ssh_host_ecdsa_key.
[   40.023659] cloud-init[709]: Your public key has been saved in /etc/ssh/ssh_host_ecdsa_key.pub.
[   40.027120] cloud-init[709]: The key fingerprint is:
[   40.029496] cloud-init[709]: SHA256:cF12k/tm3XcRe4HpRhDFm6gU4AwyD9rM5fJzhFKrz2I root@ubuntu-bionic
[   40.036345] cloud-init[709]: The key's randomart image is:
[   40.040055] cloud-init[709]: +---[ECDSA 256]---+
[   40.042051] cloud-init[709]: |   + + ..  oB.=. |
[   40.043629] cloud-init[709]: |  = O *  o o *.+ |
[   40.045487] cloud-init[709]: | . * =.+. o + o.+|
[   40.047668] cloud-init[709]: |    = .o . . =.o.|
[   40.049177] cloud-init[709]: |   . o .S . .  .=|
[   40.050657] cloud-init[709]: |    o o  .      O|
[   40.052024] cloud-init[709]: |   E o         oo|
[   40.053486] cloud-init[709]: |  . .            |
[   40.064472] cloud-init[709]: |                 |
[   40.065944] cloud-init[709]: +----[SHA256]-----+
[   40.067487] cloud-init[709]: Generating public/private ed25519 key pair.
[   40.069647] cloud-init[709]: Your identification has been saved in /etc/ssh/ssh_host_ed25519_key.
[   40.080822] cloud-init[709]: Your public key has been saved in /etc/ssh/ssh_host_ed25519_key.pub.
[   40.083679] cloud-init[709]: The key fingerprint is:
[   40.085556] cloud-init[709]: SHA256:hCLr3C/OEpYTuaCLcz6jzCLDSme7Zpdp8a0I8wbGv34 root@ubuntu-bionic
[   40.090197] cloud-init[709]: The key's randomart image is:
[   40.094564] cloud-init[709]: +--[ED25519 256]--+
[   40.096810] cloud-init[709]: |                 |
[   40.098937] cloud-init[709]: |       .         |
[   40.113956] cloud-init[709]: |  ... . .        |
[   40.115692] cloud-init[709]: |. oo . .         |
[   40.117453] cloud-init[709]: |..o+    S        |
[   40.118820] cloud-init[709]: |.o*= .           |
[   40.120404] cloud-init[709]: |o++B+ = .        |
[   40.122856] cloud-init[709]: |@.B+*O.E .       |
[   40.124672] cloud-init[709]: |*O+BO*+..        |
[   40.126629] cloud-init[709]: +----[SHA256]-----+
[[0;32m  OK  [0m] Started Initial cloud-init job (metadata service crawler).
[[0;32m  OK  [0m] Reached target Network is Online.
[[0;32m  OK  [0m] Reached target Remote File Systems (Pre).
[[0;32m  OK  [0m] Reached target Remote File Systems.
         Starting Availability of block devices...
[[0;32m  OK  [0m] Reached target Cloud-config availability.
[[0;32m  OK  [0m] Reached target System Initialization.
[[0;32m  OK  [0m] Started Message of the Day.
[[0;32m  OK  [0m] Listening on UUID daemon activation socket.
[[0;32m  OK  [0m] Started ACPI Events Check.
[[0;32m  OK  [0m] Listening on ACPID Listen Socket.
[[0;32m  OK  [0m] Listening on Open-iSCSI iscsid Socket.
         Starting LXD - unix socket.
         Starting Socket activation for snappy daemon.
[[0;32m  OK  [0m] Reached target Paths.
[[0;32m  OK  [0m] Listening on D-Bus System Message Bus Socket.
[[0;32m  OK  [0m] Started Discard unused blocks once a week.
[[0;32m  OK  [0m] Started Daily Cleanup of Temporary Directories.
[[0;32m  OK  [0m] Started Daily apt download activities.
[[0;32m  OK  [0m] Started Daily apt upgrade and clean activities.
[[0;32m  OK  [0m] Reached target Timers.
[[0;32m  OK  [0m] Listening on LXD - unix socket.
[[0;32m  OK  [0m] Started Availability of block devices.
[[0;32m  OK  [0m] Listening on Socket activation for snappy daemon.
[[0;32m  OK  [0m] Reached target Sockets.
[[0;32m  OK  [0m] Reached target Basic System.
         Starting Login Service...
[[0;32m  OK  [0m] Started D-Bus System Message Bus.
[[0;32m  OK  [0m] Started Login Service.
         Starting System Logging Service...
[[0;32m  OK  [0m] Started Regular background program processing daemon.
[[0;32m  OK  [0m] Started Deferred execution scheduler.
         Starting LSB: automatic crash report generation...
         Starting Accounts Service...
[[0;32m  OK  [0m] Started FUSE filesystem for LXC.
         Starting Virtualbox guest utils...
         Starting Permit User Sessions...
[[0;32m  OK  [0m] Started irqbalance daemon.
[[0;32m  OK  [0m] Started Unattended Upgrades Shutdown.
         Starting Pollinate to seed the pseudo random number generator...
         Starting Dispatcher daemon for systemd-networkd...
         Starting Snap Daemon...
         Starting LSB: Record successful boot for GRUB...
         Starting LXD - container startup/shutdown...
[[0;32m  OK  [0m] Started System Logging Service.
[[0;32m  OK  [0m] Started Permit User Sessions.
         Starting Hold until boot process finishes up...
         Starting Terminate Plymouth Boot Screen...
[[0;32m  OK  [0m] Started Hold until boot process finishes up.
[[0;32m  OK  [0m] Started Serial Getty on ttyS0.
         Starting Set console scheme...
[[0;32m  OK  [0m] Started Terminate Plymouth Boot Screen.
[[0;32m  OK  [0m] Started Set console scheme.
[[0;32m  OK  [0m] Created slice system-getty.slice.
[[0;32m  OK  [0m] Started Getty on tty1.
[[0;32m  OK  [0m] Reached target Login Prompts.
         Starting Authorization Manager...
[[0;32m  OK  [0m] Started LSB: automatic crash report generation.
[[0;32m  OK  [0m] Started LSB: Record successful boot for GRUB.
[[0;32m  OK  [0m] Started Authorization Manager.
[[0;32m  OK  [0m] Started Accounts Service.
[[0;32m  OK  [0m] Started Virtualbox guest utils.

Ubuntu 18.04.5 LTS ubuntu-bionic ttyS0

ubuntu-bionic login: [   67.013056] cloud-init[1319]: Cloud-init v. 20.4.1-0ubuntu1~18.04.1 running 'modules:config' at Mon, 29 Mar 2021 16:13:13 +0000. Up 59.86 seconds.
ci-info: no authorized SSH keys fingerprints found for user ubuntu.
<14>Mar 29 16:13:22 ec2: 
<14>Mar 29 16:13:22 ec2: #############################################################
<14>Mar 29 16:13:22 ec2: -----BEGIN SSH HOST KEY FINGERPRINTS-----
<14>Mar 29 16:13:22 ec2: 1024 SHA256:gZ6MEq/xKzNz24SNOYQWOVfxIziaBvGoBP7yxMFSXJw root@ubuntu-bionic (DSA)
<14>Mar 29 16:13:22 ec2: 256 SHA256:cF12k/tm3XcRe4HpRhDFm6gU4AwyD9rM5fJzhFKrz2I root@ubuntu-bionic (ECDSA)
<14>Mar 29 16:13:22 ec2: 256 SHA256:hCLr3C/OEpYTuaCLcz6jzCLDSme7Zpdp8a0I8wbGv34 root@ubuntu-bionic (ED25519)
<14>Mar 29 16:13:22 ec2: 2048 SHA256:gXuO/GMbquMDBPA/x7vCiT6XcFh9jCizOylNoz0lNxQ root@ubuntu-bionic (RSA)
<14>Mar 29 16:13:22 ec2: -----END SSH HOST KEY FINGERPRINTS-----
<14>Mar 29 16:13:22 ec2: #############################################################
-----BEGIN SSH HOST KEY KEYS-----
ecdsa-sha2-nistp256 AAAAE2VjZHNhLXNoYTItbmlzdHAyNTYAAAAIbmlzdHAyNTYAAABBBJ9H6QrZuKWjZmkvoJ6aGNq/P+J4JE1jWtE1QRk0gFqaoU7pdTDph3YmMx0NzPlNrrM9PYuB4NMmWLUz4pXqVmU= root@ubuntu-bionic
ssh-ed25519 AAAAC3NzaC1lZDI1NTE5AAAAIAz2QgCAsxFX/PKM8hGiBO3lxcLmzYhWQqiCyiJD4s99 root@ubuntu-bionic
ssh-rsa AAAAB3NzaC1yc2EAAAADAQABAAABAQCxLobyV9YXbd24O0CDW7ujwOAm0ugU3sgDTcO4KKjJK6xHs8LqVi/CFp/fXECDCP2Xbz5/MbJd4ZVFo76Kj7oWktGEZmSp59EXpSuSuPsmj84x1gwc2N5VfZtNZSANdQV8thDfg6qArArbxRmdlMZadlgYQ/bJnwWk88MKOFB1mKM3f7KzKl31MepLJaij7KIkTj5QFBqIsShBm45sFDT6/U1KWX7aal/6yJsOQCIMTjvgTV2smDSV0ZDkR6BoaReGhckn2bGckH/o0RR5bXb47jBBAEJ51fE7X6wJH3sBqTEP/Vkwo384GT34SjoP82W+J6OTAmcJO4zagWi9Qtar root@ubuntu-bionic
-----END SSH HOST KEY KEYS-----
[   69.145407] cloud-init[1539]: Cloud-init v. 20.4.1-0ubuntu1~18.04.1 running 'modules:final' at Mon, 29 Mar 2021 16:13:22 +0000. Up 68.36 seconds.
[   69.150770] cloud-init[1539]: ci-info: no authorized SSH keys fingerprints found for user ubuntu.
[   69.153699] cloud-init[1539]: Cloud-init v. 20.4.1-0ubuntu1~18.04.1 finished at Mon, 29 Mar 2021 16:13:23 +0000. Datasource DataSourceNoCloud [seed=/dev/sdb][dsmode=net].  Up 69.12 seconds
[[0;32m  OK  [0m] Stopped Unattended Upgrades Shutdown.
[[0;32m  OK  [0m] Stopped target Timers.
[[0;32m  OK  [0m] Stopped Message of the Day.
         Unmounting /tmp/vagrant-puppet/maniâ€¦987fd5f72c17d54c08031a1c4913b39...
[[0;32m  OK  [0m] Stopped target Cloud-init target.
[[0;32m  OK  [0m] Stopped Daily apt upgrade and clean activities.
[[0;32m  OK  [0m] Stopped Daily apt download activities.
         Stopping Authorization Manager...
[[0;32m  OK  [0m] Stopped Discard unused blocks once a week.
         Stopping User Manager for UID 1000...
[[0;32m  OK  [0m] Stopped target Graphical Interface.
[[0;32m  OK  [0m] Stopped Clean PHP session files every 30 mins.
         Stopping Accounts Service...
[[0;32m  OK  [0m] Closed Load/Save RF Kill Switch Status /dev/rfkill Watch.
[[0;32m  OK  [0m] Stopped Daily Cleanup of Temporary Directories.
[[0;32m  OK  [0m] Stopped target System Time Synchronized.
         Stopping Session 8 of user vagrant.
[[0;32m  OK  [0m] Stopped Execute cloud user/final scripts.
[[0;32m  OK  [0m] Stopped Apply the settings specified in cloud-config.
[[0;32m  OK  [0m] Stopped target Cloud-config availability.
[[0;32m  OK  [0m] Stopped target Network is Online.
[[0;32m  OK  [0m] Stopped target Multi-User System.
         Stopping OpenBSD Secure Shell server...
         Stopping LXD - container startup/shutdown...
         Stopping The Apache HTTP Server...
[[0;32m  OK  [0m] Stopped Wait until snapd is fully seeded.
[[0;32m  OK  [0m] Stopped target Login Prompts.
         Stopping Getty on tty1...
         Stopping LSB: automatic crash report generation...
         Stopping Dispatcher daemon for systemd-networkd...
         Stopping System Logging Service...
         Stopping D-Bus System Message Bus...
         Stopping FUSE filesystem for LXC...
         Stopping irqbalance daemon...
         Stopping Virtualbox guest utils...
         Stopping LSB: Record successful boot for GRUB...
         Stopping Regular background program processing daemon...
         Stopping Deferred execution scheduler...
         Stopping Session 4 of user vagrant.
         Stopping Availability of block devices...
         Stopping Serial Getty on ttyS0...
         Unmounting /vagrant...
[[0;32m  OK  [0m] Unmounted /var/lib/lxcfs.
[[0;32m  OK  [0m] Stopped System Logging Service.
[[0;32m  OK  [0m] Stopped Regular background program processing daemon.
[[0;32m  OK  [0m] Stopped Deferred execution scheduler.
[[0;32m  OK  [0m] Stopped Accounts Service.
[[0;32m  OK  [0m] Stopped irqbalance daemon.
[[0;32m  OK  [0m] Stopped Dispatcher daemon for systemd-networkd.
[[0;32m  OK  [0m] Stopped Serial Getty on ttyS0.
[[0;32m  OK  [0m] Stopped Getty on tty1.
[[0;32m  OK  [0m] Stopped Authorization Manager.
[[0;32m  OK  [0m] Stopped OpenBSD Secure Shell server.
[[0;32m  OK  [0m] Stopped User Manager for UID 1000.
[[0;32m  OK  [0m] Unmounted /tmp/vagrant-puppet/manifâ€¦-1987fd5f72c17d54c08031a1c4913b39.
[[0;32m  OK  [0m] Stopped D-Bus System Message Bus.
[[0;32m  OK  [0m] Unmounted /vagrant.
[[0;32m  OK  [0m] Stopped FUSE filesystem for LXC.
[[0;32m  OK  [0m] Stopped Session 8 of user vagrant.
[[0;32m  OK  [0m] Stopped Session 4 of user vagrant.
[[0;32m  OK  [0m] Stopped LXD - container startup/shutdown.
[[0;32m  OK  [0m] Stopped Availability of block devices.
[[0;32m  OK  [0m] Removed slice User Slice of vagrant.
         Stopping Login Service...
[[0;32m  OK  [0m] Removed slice system-getty.slice.
         Stopping Permit User Sessions...
[[0;32m  OK  [0m] Removed slice system-serial\x2dgetty.slice.
[[0;32m  OK  [0m] Stopped LSB: Record successful boot for GRUB.
[[0;32m  OK  [0m] Stopped Permit User Sessions.
[[0;32m  OK  [0m] Stopped LSB: automatic crash report generation.
[[0;32m  OK  [0m] Stopped Login Service.
[[0;32m  OK  [0m] Stopped target User and Group Name Lookups.
[[0;32m  OK  [0m] Stopped Virtualbox guest utils.
[[0;32m  OK  [0m] Stopped The Apache HTTP Server.
[[0;32m  OK  [0m] Stopped target Host and Network Name Lookups.
[[0;32m  OK  [0m] Stopped target Basic System.
[[0;32m  OK  [0m] Stopped target Slices.
[[0;32m  OK  [0m] Removed slice User and Session Slice.
[[0;32m  OK  [0m] Stopped target Sockets.
[[0;32m  OK  [0m] Closed Socket activation for snappy daemon.
[[0;32m  OK  [0m] Closed Open-iSCSI iscsid Socket.
[[0;32m  OK  [0m] Closed ACPID Listen Socket.
[[0;32m  OK  [0m] Closed UUID daemon activation socket.
[[0;32m  OK  [0m] Closed LXD - unix socket.
[[0;32m  OK  [0m] Closed Syslog Socket.
[[0;32m  OK  [0m] Closed D-Bus System Message Bus Socket.
[[0;32m  OK  [0m] Stopped target Paths.
[[0;32m  OK  [0m] Stopped ACPI Events Check.
[[0;32m  OK  [0m] Stopped target Network.
         Stopping Network Name Resolution...
[[0;32m  OK  [0m] Stopped target System Initialization.
         Stopping Update UTMP about System Boot/Shutdown...
[[0;32m  OK  [0m] Stopped Commit a transient machine-id on disk.
[[0;32m  OK  [0m] Stopped target Local Encrypted Volumes.
[[0;32m  OK  [0m] Stopped Forward Password Requests to Wall Directory Watch.
[[0;32m  OK  [0m] Stopped Dispatch Password Requests to Console Directory Watch.
[[0;32m  OK  [0m] Stopped Initial cloud-init job (metadata service crawler).
         Stopping Load/Save Random Seed...
[[0;32m  OK  [0m] Stopped target Remote File Systems.
[[0;32m  OK  [0m] Stopped target Remote File Systems (Pre).
[[0;32m  OK  [0m] Stopped Network Name Resolution.
[[0;32m  OK  [0m] Stopped Update UTMP about System Boot/Shutdown.
[[0;32m  OK  [0m] Stopped Load/Save Random Seed.
         Stopping Network Service...
[[0;32m  OK  [0m] Stopped Create Volatile Files and Directories.
[[0;32m  OK  [0m] Stopped target Local File Systems.
         Unmounting /run/user/1000...
[[0;32m  OK  [0m] Unmounted /run/user/1000.
[[0;32m  OK  [0m] Reached target Unmount All Filesystems.
[[0;32m  OK  [0m] Stopped target Local File Systems (Pre).
[[0;32m  OK  [0m] Stopped Create Static Device Nodes in /dev.
         Stopping Monitoring of LVM2 mirrorsâ€¦ng dmeventd or progress polling...
[[0;32m  OK  [0m] Stopped target Swap.
[[0;32m  OK  [0m] Stopped Network Service.
[[0;32m  OK  [0m] Stopped target Network (Pre).
[[0;32m  OK  [0m] Stopped Initial cloud-init job (pre-networking).
[[0;32m  OK  [0m] Stopped Remount Root and Kernel File Systems.
[[0;32m  OK  [0m] Stopped Apply Kernel Variables.
[[0;32m  OK  [0m] Stopped Load Kernel Modules.
[[0;32m  OK  [0m] Reached target Shutdown.
[[0;32m  OK  [0m] Reached target Final Step.
         Starting Power-Off...
[[0;32m  OK  [0m] Stopped Monitoring of LVM2 mirrors,â€¦sing dmeventd or progress polling.
         Stopping LVM2 metadata daemon...
[[0;32m  OK  [0m] Stopped LVM2 metadata daemon.
[  734.438683] reboot: Power down
