[    0.000000] Linux version 4.15.0-139-generic (buildd@lgw01-amd64-035) (gcc version 7.5.0 (Ubuntu 7.5.0-3ubuntu1~18.04)) #143-Ubuntu SMP Tue Mar 16 01:30:17 UTC 2021 (Ubuntu 4.15.0-139.143-generic 4.15.18)
[    0.000000] Command line: BOOT_IMAGE=/boot/vmlinuz-4.15.0-139-generic root=LABEL=cloudimg-rootfs ro console=tty1 console=ttyS0
[    0.000000] KERNEL supported cpus:
[    0.000000]   Intel GenuineIntel
[    0.000000]   AMD AuthenticAMD
[    0.000000]   Centaur CentaurHauls
[    0.000000] x86/fpu: Supporting XSAVE feature 0x001: 'x87 floating point registers'
[    0.000000] x86/fpu: Supporting XSAVE feature 0x002: 'SSE registers'
[    0.000000] x86/fpu: Supporting XSAVE feature 0x004: 'AVX registers'
[    0.000000] x86/fpu: xstate_offset[2]:  576, xstate_sizes[2]:  256
[    0.000000] x86/fpu: Enabled xstate features 0x7, context size is 832 bytes, using 'standard' format.
[    0.000000] e820: BIOS-provided physical RAM map:
[    0.000000] BIOS-e820: [mem 0x0000000000000000-0x000000000009fbff] usable
[    0.000000] BIOS-e820: [mem 0x000000000009fc00-0x000000000009ffff] reserved
[    0.000000] BIOS-e820: [mem 0x00000000000f0000-0x00000000000fffff] reserved
[    0.000000] BIOS-e820: [mem 0x0000000000100000-0x000000003ffeffff] usable
[    0.000000] BIOS-e820: [mem 0x000000003fff0000-0x000000003fffffff] ACPI data
[    0.000000] BIOS-e820: [mem 0x00000000fec00000-0x00000000fec00fff] reserved
[    0.000000] BIOS-e820: [mem 0x00000000fee00000-0x00000000fee00fff] reserved
[    0.000000] BIOS-e820: [mem 0x00000000fffc0000-0x00000000ffffffff] reserved
[    0.000000] NX (Execute Disable) protection: active
[    0.000000] SMBIOS 2.5 present.
[    0.000000] DMI: innotek GmbH VirtualBox/VirtualBox, BIOS VirtualBox 12/01/2006
[    0.000000] Hypervisor detected: KVM
[    0.000000] e820: last_pfn = 0x3fff0 max_arch_pfn = 0x400000000
[    0.000000] MTRR: Disabled
[    0.000000] x86/PAT: MTRRs disabled, skipping PAT initialization too.
[    0.000000] CPU MTRRs all blank - virtualized system.
[    0.000000] x86/PAT: Configuration [0-7]: WB  WT  UC- UC  WB  WT  UC- UC  
[    0.000000] found SMP MP-table at [mem 0x0009fff0-0x0009ffff]
[    0.000000] Scanning 1 areas for low memory corruption
[    0.000000] RAMDISK: [mem 0x35a63000-0x36d28fff]
[    0.000000] ACPI: Early table checksum verification disabled
[    0.000000] ACPI: RSDP 0x00000000000E0000 000024 (v02 VBOX  )
[    0.000000] ACPI: XSDT 0x000000003FFF0030 00003C (v01 VBOX   VBOXXSDT 00000001 ASL  00000061)
[    0.000000] ACPI: FACP 0x000000003FFF00F0 0000F4 (v04 VBOX   VBOXFACP 00000001 ASL  00000061)
[    0.000000] ACPI: DSDT 0x000000003FFF0470 002325 (v02 VBOX   VBOXBIOS 00000002 INTL 20100528)
[    0.000000] ACPI: FACS 0x000000003FFF0200 000040
[    0.000000] ACPI: FACS 0x000000003FFF0200 000040
[    0.000000] ACPI: APIC 0x000000003FFF0240 00005C (v02 VBOX   VBOXAPIC 00000001 ASL  00000061)
[    0.000000] ACPI: SSDT 0x000000003FFF02A0 0001CC (v01 VBOX   VBOXCPUT 00000002 INTL 20100528)
[    0.000000] No NUMA configuration found
[    0.000000] Faking a node at [mem 0x0000000000000000-0x000000003ffeffff]
[    0.000000] NODE_DATA(0) allocated [mem 0x3ffc5000-0x3ffeffff]
[    0.000000] kvm-clock: cpu 0, msr 0:3ff44001, primary cpu clock
[    0.000000] kvm-clock: Using msrs 4b564d01 and 4b564d00
[    0.000000] kvm-clock: using sched offset of 6572039711 cycles
[    0.000000] clocksource: kvm-clock: mask: 0xffffffffffffffff max_cycles: 0x1cd42e4dffb, max_idle_ns: 881590591483 ns
[    0.000000] Zone ranges:
[    0.000000]   DMA      [mem 0x0000000000001000-0x0000000000ffffff]
[    0.000000]   DMA32    [mem 0x0000000001000000-0x000000003ffeffff]
[    0.000000]   Normal   empty
[    0.000000]   Device   empty
[    0.000000] Movable zone start for each node
[    0.000000] Early memory node ranges
[    0.000000]   node   0: [mem 0x0000000000001000-0x000000000009efff]
[    0.000000]   node   0: [mem 0x0000000000100000-0x000000003ffeffff]
[    0.000000] Reserved but unavailable: 98 pages
[    0.000000] Initmem setup node 0 [mem 0x0000000000001000-0x000000003ffeffff]
[    0.000000] ACPI: PM-Timer IO Port: 0x4008
[    0.000000] IOAPIC[0]: apic_id 2, version 32, address 0xfec00000, GSI 0-23
[    0.000000] ACPI: INT_SRC_OVR (bus 0 bus_irq 0 global_irq 2 dfl dfl)
[    0.000000] ACPI: INT_SRC_OVR (bus 0 bus_irq 9 global_irq 9 low level)
[    0.000000] Using ACPI (MADT) for SMP configuration information
[    0.000000] smpboot: Allowing 2 CPUs, 0 hotplug CPUs
[    0.000000] PM: Registered nosave memory: [mem 0x00000000-0x00000fff]
[    0.000000] PM: Registered nosave memory: [mem 0x0009f000-0x0009ffff]
[    0.000000] PM: Registered nosave memory: [mem 0x000a0000-0x000effff]
[    0.000000] PM: Registered nosave memory: [mem 0x000f0000-0x000fffff]
[    0.000000] e820: [mem 0x40000000-0xfebfffff] available for PCI devices
[    0.000000] Booting paravirtualized kernel on KVM
[    0.000000] clocksource: refined-jiffies: mask: 0xffffffff max_cycles: 0xffffffff, max_idle_ns: 7645519600211568 ns
[    0.000000] random: get_random_bytes called from start_kernel+0x99/0x500 with crng_init=0
[    0.000000] setup_percpu: NR_CPUS:8192 nr_cpumask_bits:2 nr_cpu_ids:2 nr_node_ids:1
[    0.000000] percpu: Embedded 45 pages/cpu s147456 r8192 d28672 u1048576
[    0.000000] PV qspinlock hash table entries: 256 (order: 0, 4096 bytes)
[    0.000000] Built 1 zonelists, mobility grouping on.  Total pages: 257913
[    0.000000] Policy zone: DMA32
[    0.000000] Kernel command line: BOOT_IMAGE=/boot/vmlinuz-4.15.0-139-generic root=LABEL=cloudimg-rootfs ro console=tty1 console=ttyS0
[    0.000000] Memory: 983020K/1048120K available (12300K kernel code, 2483K rwdata, 4276K rodata, 2440K init, 2724K bss, 65100K reserved, 0K cma-reserved)
[    0.000000] SLUB: HWalign=64, Order=0-3, MinObjects=0, CPUs=2, Nodes=1
[    0.000000] Kernel/User page tables isolation: enabled
[    0.000000] ftrace: allocating 39429 entries in 155 pages
[    0.004000] Hierarchical RCU implementation.
[    0.004000] 	RCU restricting CPUs from NR_CPUS=8192 to nr_cpu_ids=2.
[    0.004000] 	Tasks RCU enabled.
[    0.004000] RCU: Adjusting geometry for rcu_fanout_leaf=16, nr_cpu_ids=2
[    0.004000] NR_IRQS: 524544, nr_irqs: 440, preallocated irqs: 16
[    0.004000] Console: colour VGA+ 80x25
[    0.004000] console [tty1] enabled
[    0.004000] console [ttyS0] enabled
[    0.004000] ACPI: Core revision 20170831
[    0.004000] ACPI: 2 ACPI AML tables successfully acquired and loaded
[    0.004000] APIC: Switch to symmetric I/O mode setup
[    0.004000] x2apic enabled
[    0.004009] Switched APIC routing to physical x2apic.
[    0.012000] ..TIMER: vector=0x30 apic1=0 pin1=2 apic2=-1 pin2=-1
[    0.012005] tsc: Detected 2394.456 MHz processor
[    0.016011] Calibrating delay loop (skipped) preset value.. 4788.91 BogoMIPS (lpj=9577824)
[    0.019005] pid_max: default: 32768 minimum: 301
[    0.020096] Security Framework initialized
[    0.021666] Yama: becoming mindful.
[    0.024039] AppArmor: AppArmor initialized
[    0.028000] Dentry cache hash table entries: 131072 (order: 8, 1048576 bytes)
[    0.028124] Inode-cache hash table entries: 65536 (order: 7, 524288 bytes)
[    0.032024] Mount-cache hash table entries: 2048 (order: 2, 16384 bytes)
[    0.034374] Mountpoint-cache hash table entries: 2048 (order: 2, 16384 bytes)
[    0.036660] Last level iTLB entries: 4KB 1024, 2MB 1024, 4MB 1024
[    0.040004] Last level dTLB entries: 4KB 1024, 2MB 1024, 4MB 1024, 1GB 4
[    0.042571] Spectre V1 : Mitigation: usercopy/swapgs barriers and __user pointer sanitization
[    0.044004] Spectre V2 : Mitigation: Full generic retpoline
[    0.045994] Spectre V2 : Spectre v2 / SpectreRSB mitigation: Filling RSB on context switch
[    0.048003] Speculative Store Bypass: Vulnerable
[    0.052051] SRBDS: Unknown: Dependent on hypervisor status
[    0.054174] MDS: Vulnerable: Clear CPU buffers attempted, no microcode
[    0.056456] Freeing SMP alternatives memory: 36K
[    0.170716] smpboot: CPU0: Intel(R) Core(TM) i7-4500U CPU @ 1.80GHz (family: 0x6, model: 0x45, stepping: 0x1)
[    0.172166] Performance Events: unsupported p6 CPU model 69 no PMU driver, software events only.
[    0.176018] Hierarchical SRCU implementation.
[    0.180389] NMI watchdog: Perf event create on CPU 0 failed with -2
[    0.182912] NMI watchdog: Perf NMI watchdog permanently disabled
[    0.184158] smp: Bringing up secondary CPUs ...
[    0.186494] x86: Booting SMP configuration:
[    0.188006] .... node  #0, CPUs:      #1
[    0.004000] kvm-clock: cpu 1, msr 0:3ff44041, secondary cpu clock
[    0.196064] smp: Brought up 1 node, 2 CPUs
[    0.197996] smpboot: Max logical packages: 1
[    0.200015] smpboot: Total of 2 processors activated (9577.82 BogoMIPS)
[    0.203068] devtmpfs: initialized
[    0.204120] x86/mm: Memory block size: 128MB
[    0.206293] evm: security.selinux
[    0.208006] evm: security.SMACK64
[    0.209499] evm: security.SMACK64EXEC
[    0.210970] evm: security.SMACK64TRANSMUTE
[    0.212004] evm: security.SMACK64MMAP
[    0.213431] evm: security.apparmor
[    0.214830] evm: security.ima
[    0.216003] evm: security.capability
[    0.217502] clocksource: jiffies: mask: 0xffffffff max_cycles: 0xffffffff, max_idle_ns: 7645041785100000 ns
[    0.220018] futex hash table entries: 512 (order: 3, 32768 bytes)
[    0.228024] pinctrl core: initialized pinctrl subsystem
[    0.232212] RTC time:  3:19:15, date: 03/30/21
[    0.234132] NET: Registered protocol family 16
[    0.236320] audit: initializing netlink subsys (disabled)
[    0.238381] audit: type=2000 audit(1617074363.750:1): state=initialized audit_enabled=0 res=1
[    0.240128] cpuidle: using governor ladder
[    0.244011] cpuidle: using governor menu
[    0.245670] ACPI: bus type PCI registered
[    0.247245] acpiphp: ACPI Hot Plug PCI Controller Driver version: 0.5
[    0.248541] PCI: Using configuration type 1 for base access
[    0.258126] HugeTLB registered 2.00 MiB page size, pre-allocated 0 pages
[    0.260192] ACPI: Added _OSI(Module Device)
[    0.264020] ACPI: Added _OSI(Processor Device)
[    0.266236] ACPI: Added _OSI(3.0 _SCP Extensions)
[    0.268017] ACPI: Added _OSI(Processor Aggregator Device)
[    0.270492] ACPI: Added _OSI(Linux-Dell-Video)
[    0.272009] ACPI: Added _OSI(Linux-Lenovo-NV-HDMI-Audio)
[    0.276010] ACPI: Added _OSI(Linux-HPI-Hybrid-Graphics)
[    0.280772] ACPI: Executed 1 blocks of module-level executable AML code
[    0.300187] ACPI: Interpreter enabled
[    0.302111] ACPI: (supports S0 S5)
[    0.303870] ACPI: Using IOAPIC for interrupt routing
[    0.304950] PCI: Using host bridge windows from ACPI; if necessary, use "pci=nocrs" and report a bug
[    0.308609] ACPI: Enabled 2 GPEs in block 00 to 07
[    0.338139] ACPI: PCI Root Bridge [PCI0] (domain 0000 [bus 00-ff])
[    0.340000] acpi PNP0A03:00: _OSC: OS supports [ASPM ClockPM Segments MSI]
[    0.344453] acpi PNP0A03:00: _OSC: not requesting OS control; OS requires [ExtendedConfig ASPM ClockPM MSI]
[    0.348031] acpi PNP0A03:00: fail to add MMCONFIG information, can't access extended PCI configuration space under this bridge.
[    0.353016] PCI host bridge to bus 0000:00
[    0.356006] pci_bus 0000:00: root bus resource [io  0x0000-0x0cf7 window]
[    0.358423] pci_bus 0000:00: root bus resource [io  0x0d00-0xffff window]
[    0.360008] pci_bus 0000:00: root bus resource [mem 0x000a0000-0x000bffff window]
[    0.364006] pci_bus 0000:00: root bus resource [mem 0x40000000-0xfdffffff window]
[    0.366818] pci_bus 0000:00: root bus resource [bus 00-ff]
[    0.373776] pci 0000:00:01.1: legacy IDE quirk: reg 0x10: [io  0x01f0-0x01f7]
[    0.376005] pci 0000:00:01.1: legacy IDE quirk: reg 0x14: [io  0x03f6]
[    0.378415] pci 0000:00:01.1: legacy IDE quirk: reg 0x18: [io  0x0170-0x0177]
[    0.380006] pci 0000:00:01.1: legacy IDE quirk: reg 0x1c: [io  0x0376]
[    0.401666] pci 0000:00:07.0: quirk: [io  0x4000-0x403f] claimed by PIIX4 ACPI
[    0.404000] pci 0000:00:07.0: quirk: [io  0x4100-0x410f] claimed by PIIX4 SMB
[    0.422414] ACPI: PCI Interrupt Link [LNKA] (IRQs 5 9 10 *11)
[    0.425221] ACPI: PCI Interrupt Link [LNKB] (IRQs 5 9 *10 11)
[    0.428244] ACPI: PCI Interrupt Link [LNKC] (IRQs 5 *9 10 11)
[    0.430719] ACPI: PCI Interrupt Link [LNKD] (IRQs 5 9 10 *11)
[    0.432691] SCSI subsystem initialized
[    0.434226] pci 0000:00:02.0: vgaarb: setting as boot VGA device
[    0.434264] pci 0000:00:02.0: vgaarb: VGA device added: decodes=io+mem,owns=io+mem,locks=none
[    0.436025] pci 0000:00:02.0: vgaarb: bridge control possible
[    0.438254] vgaarb: loaded
[    0.440038] ACPI: bus type USB registered
[    0.441617] usbcore: registered new interface driver usbfs
[    0.444028] usbcore: registered new interface driver hub
[    0.446220] usbcore: registered new device driver usb
[    0.448087] EDAC MC: Ver: 3.0.0
[    0.449712] PCI: Using ACPI for IRQ routing
[    0.452495] NetLabel: Initializing
[    0.453920] NetLabel:  domain hash size = 128
[    0.456002] NetLabel:  protocols = UNLABELED CIPSOv4 CALIPSO
[    0.458349] NetLabel:  unlabeled traffic allowed by default
[    0.460209] clocksource: Switched to clocksource kvm-clock
[    0.561557] VFS: Disk quotas dquot_6.6.0
[    0.563381] VFS: Dquot-cache hash table entries: 512 (order 0, 4096 bytes)
[    0.566394] AppArmor: AppArmor Filesystem Enabled
[    0.568397] pnp: PnP ACPI init
[    0.572753] pnp: PnP ACPI: found 3 devices
[    0.585792] clocksource: acpi_pm: mask: 0xffffff max_cycles: 0xffffff, max_idle_ns: 2085701024 ns
[    0.588069] NET: Registered protocol family 2
[    0.591208] TCP established hash table entries: 8192 (order: 4, 65536 bytes)
[    0.593777] TCP bind hash table entries: 8192 (order: 5, 131072 bytes)
[    0.597710] TCP: Hash tables configured (established 8192 bind 8192)
[    0.614708] UDP hash table entries: 512 (order: 2, 16384 bytes)
[    0.617009] UDP-Lite hash table entries: 512 (order: 2, 16384 bytes)
[    0.619382] NET: Registered protocol family 1
[    0.621073] pci 0000:00:00.0: Limiting direct PCI/PCI transfers
[    0.630223] pci 0000:00:01.0: Activating ISA DMA hang workarounds
[    0.632731] pci 0000:00:02.0: Video device with shadowed ROM at [mem 0x000c0000-0x000dffff]
[    0.636443] Unpacking initramfs...
[    1.803362] Freeing initrd memory: 19224K
[    1.805577] clocksource: tsc: mask: 0xffffffffffffffff max_cycles: 0x2283c236f90, max_idle_ns: 440795217409 ns
[    1.809385] platform rtc_cmos: registered platform RTC device (no PNP device found)
[    1.812995] Scanning for low memory corruption every 60 seconds
[    1.817083] Initialise system trusted keyrings
[    1.818906] Key type blacklist registered
[    1.820760] workingset: timestamp_bits=36 max_order=18 bucket_order=0
[    1.826191] zbud: loaded
[    1.828639] squashfs: version 4.0 (2009/01/31) Phillip Lougher
[    1.831370] fuse init (API version 7.26)
[    1.838124] Key type asymmetric registered
[    1.839723] Asymmetric key parser 'x509' registered
[    1.841657] Block layer SCSI generic (bsg) driver version 0.4 loaded (major 246)
[    1.844571] io scheduler noop registered
[    1.846112] io scheduler deadline registered
[    1.847807] io scheduler cfq registered (default)
[    1.850180] ACPI: AC Adapter [AC] (on-line)
[    1.851889] input: Power Button as /devices/LNXSYSTM:00/LNXPWRBN:00/input/input0
[    1.854814] ACPI: Power Button [PWRF]
[    1.856469] input: Sleep Button as /devices/LNXSYSTM:00/LNXSLPBN:00/input/input1
[    1.859261] ACPI: Sleep Button [SLPF]
[    1.863398] ACPI: Battery Slot [BAT0] (battery present)
[    1.865526] Serial: 8250/16550 driver, 32 ports, IRQ sharing enabled
[    1.890209] 00:02: ttyS0 at I/O 0x3f8 (irq = 4, base_baud = 115200) is a 16550A
[    1.897596] Linux agpgart interface v0.103
[    1.901328] loop: module loaded
[    1.903799] scsi host0: ata_piix
[    1.905546] scsi host1: ata_piix
[    1.907053] ata1: PATA max UDMA/33 cmd 0x1f0 ctl 0x3f6 bmdma 0xd000 irq 14
[    1.909801] ata2: PATA max UDMA/33 cmd 0x170 ctl 0x376 bmdma 0xd008 irq 15
[    1.913331] libphy: Fixed MDIO Bus: probed
[    1.915057] tun: Universal TUN/TAP device driver, 1.6
[    1.917209] PPP generic driver version 2.4.2
[    1.919261] ehci_hcd: USB 2.0 'Enhanced' Host Controller (EHCI) Driver
[    1.921914] ehci-pci: EHCI PCI platform driver
[    1.923706] ehci-platform: EHCI generic platform driver
[    1.926070] ohci_hcd: USB 1.1 'Open' Host Controller (OHCI) Driver
[    1.928822] ohci-pci: OHCI PCI platform driver
[    1.930551] ohci-platform: OHCI generic platform driver
[    1.932550] uhci_hcd: USB Universal Host Controller Interface driver
[    1.934974] i8042: PNP: PS/2 Controller [PNP0303:PS2K,PNP0f03:PS2M] at 0x60,0x64 irq 1,12
[    1.938969] serio: i8042 KBD port at 0x60,0x64 irq 1
[    1.940917] serio: i8042 AUX port at 0x60,0x64 irq 12
[    1.943021] mousedev: PS/2 mouse device common for all mice
[    1.945604] input: AT Translated Set 2 keyboard as /devices/platform/i8042/serio0/input/input2
[    1.950691] rtc_cmos rtc_cmos: rtc core: registered rtc_cmos as rtc0
[    1.953190] rtc_cmos rtc_cmos: alarms up to one day, 114 bytes nvram
[    1.955392] i2c /dev entries driver
[    1.957007] device-mapper: uevent: version 1.0.3
[    1.958784] device-mapper: ioctl: 4.37.0-ioctl (2017-09-20) initialised: dm-devel@redhat.com
[    1.962492] ledtrig-cpu: registered to indicate activity on CPUs
[    1.965675] NET: Registered protocol family 10
[    1.972740] Segment Routing with IPv6
[    1.974252] NET: Registered protocol family 17
[    1.976087] Key type dns_resolver registered
[    1.978026] mce: Using 0 MCE banks
[    1.979409] RAS: Correctable Errors collector initialized.
[    1.981598] sched_clock: Marking stable (1981570115, 0)->(2501619428, -520049313)
[    1.985341] registered taskstats version 1
[    1.986900] Loading compiled-in X.509 certificates
[    1.992177] Loaded X.509 cert 'Build time autogenerated kernel key: 9b9955b80c271df2d4651fb935031a2c1666e8fa'
[    1.995767] zswap: loaded using pool lzo/zbud
[    2.002172] Key type big_key registered
[    2.003808] Key type trusted registered
[    2.007891] Key type encrypted registered
[    2.010001] AppArmor: AppArmor sha1 policy hashing enabled
[    2.012619] ima: No TPM chip found, activating TPM-bypass! (rc=-19)
[    2.017091] ima: Allocated hash algorithm: sha1
[    2.019378] evm: HMAC attrs: 0x1
[    2.021712]   Magic number: 13:821:311
[    2.024485] rtc_cmos rtc_cmos: setting system clock to 2021-03-30 03:19:17 UTC (1617074357)
[    2.027897] BIOS EDD facility v0.16 2004-Jun-25, 0 devices found
[    2.030462] EDD information not available.
[    2.110554] Freeing unused kernel image memory: 2440K
[    2.120534] Write protecting the kernel read-only data: 20480k
[    2.124013] Freeing unused kernel image memory: 2008K
[    2.126580] Freeing unused kernel image memory: 1868K
[    2.167003] x86/mm: Checked W+X mappings: passed, no W+X pages found.
[    2.169673] x86/mm: Checking user space page tables
[    2.209507] x86/mm: Checked W+X mappings: passed, no W+X pages found.
Loading, please wait...
starting version 237
[    2.362378] e1000: Intel(R) PRO/1000 Network Driver - version 7.3.21-k8-NAPI
[    2.366018] e1000: Copyright (c) 1999-2006 Intel Corporation.
[    2.386102] Fusion MPT base driver 3.04.20
[    2.388163] Copyright (c) 1999-2008 LSI Corporation
[    2.405296] AVX2 version of gcm_enc/dec engaged.
[    2.407585] AES CTR mode by8 optimization enabled
[    2.451369] Fusion MPT SPI Host driver 3.04.20
[    2.587159] input: ImExPS/2 Generic Explorer Mouse as /devices/platform/i8042/serio1/input/input4
[    2.915908] e1000 0000:00:03.0 eth0: (PCI:33MHz:32-bit) 02:45:97:fd:e2:17
[    2.919021] e1000 0000:00:03.0 eth0: Intel(R) PRO/1000 Network Connection
[    2.924099] mptbase: ioc0: Initiating bringup
[    3.021316] ioc0: LSI53C1030 A0: Capabilities={Initiator}
[    3.264394] scsi host2: ioc0: LSI53C1030 A0, FwRev=00000000h, Ports=1, MaxQ=256, IRQ=20
[    3.433484] scsi 2:0:0:0: Direct-Access     VBOX     HARDDISK         1.0  PQ: 0 ANSI: 5
[    3.468366] scsi target2:0:0: Beginning Domain Validation
[    3.473857] scsi target2:0:0: Domain Validation skipping write tests
[    3.476123] scsi target2:0:0: Ending Domain Validation
[    3.492377] scsi target2:0:0: asynchronous
[    3.511285] scsi 2:0:1:0: Direct-Access     VBOX     HARDDISK         1.0  PQ: 0 ANSI: 5
[    3.552113] scsi target2:0:1: Beginning Domain Validation
[    3.555683] random: fast init done
[    3.558592] scsi target2:0:1: Domain Validation skipping write tests
[    3.561812] scsi target2:0:1: Ending Domain Validation
[    3.564583] scsi target2:0:1: asynchronous
[    3.575910] random: systemd-udevd: uninitialized urandom read (16 bytes read)
[    3.579985] sd 2:0:0:0: [sda] 83886080 512-byte logical blocks: (42.9 GB/40.0 GiB)
[    3.584317] sd 2:0:0:0: [sda] Write Protect is off
[    3.586747] sd 2:0:0:0: Attached scsi generic sg0 type 0
[    3.589752] random: systemd-udevd: uninitialized urandom read (16 bytes read)
[    3.593292] sd 2:0:0:0: [sda] Incomplete mode parameter data
[    3.596104] sd 2:0:0:0: [sda] Assuming drive cache: write through
[    3.599792] sd 2:0:1:0: Attached scsi generic sg1 type 0
[    3.602207] random: systemd-udevd: uninitialized urandom read (16 bytes read)
[    3.612199] sd 2:0:1:0: [sdb] 20480 512-byte logical blocks: (10.5 MB/10.0 MiB)
[    3.615147] sd 2:0:1:0: [sdb] Write Protect is off
[    3.617356] sd 2:0:1:0: [sdb] Incomplete mode parameter data
[    3.619802] sd 2:0:1:0: [sdb] Assuming drive cache: write through
[    3.632155]  sda: sda1
[    3.637984] sd 2:0:0:0: [sda] Attached SCSI disk
[    3.666946] sd 2:0:1:0: [sdb] Attached SCSI disk
[    3.962900] e1000 0000:00:08.0 eth1: (PCI:33MHz:32-bit) 08:00:27:ec:26:bb
[    3.965966] e1000 0000:00:08.0 eth1: Intel(R) PRO/1000 Network Connection
[    3.970940] e1000 0000:00:03.0 enp0s3: renamed from eth0
[    3.989697] e1000 0000:00:08.0 enp0s8: renamed from eth1
Begin: Loading essential drivers ... [    6.492040] raid6: sse2x1   gen()  2443 MB/s
[    6.540813] raid6: sse2x1   xor()  1412 MB/s
[    6.588632] raid6: sse2x2   gen()  3714 MB/s
[    6.636437] raid6: sse2x2   xor()  2009 MB/s
[    6.684401] raid6: sse2x4   gen()  5179 MB/s
[    6.732130] raid6: sse2x4   xor()  2948 MB/s
[    6.780040] raid6: avx2x1   gen()  4107 MB/s
[    6.828777] raid6: avx2x1   xor()  2217 MB/s
[    6.876607] raid6: avx2x2   gen()  7131 MB/s
[    6.924479] raid6: avx2x2   xor()  4015 MB/s
[    6.972044] raid6: avx2x4   gen()  9655 MB/s
[    7.020145] raid6: avx2x4   xor()  5527 MB/s
[    7.022276] raid6: using algorithm avx2x4 gen() 9655 MB/s
[    7.024890] raid6: .... xor() 5527 MB/s, rmw enabled
[    7.027253] raid6: using avx2x2 recovery algorithm
[    7.032518] xor: automatically using best checksumming function   avx       
[    7.038906] async_tx: api initialized (async)
done.
Begin: Running /scripts/init-premount ... done.
Begin: Mounting root file system ... Begin: Running /scripts/local-top ... done.
Begin: Running /scripts/local-premount ... [    7.160025] Btrfs loaded, crc32c=crc32c-intel
Scanning for Btrfs filesystems
done.
Warning: fsck not present, so skipping root file system
[    7.243712] EXT4-fs (sda1): mounted filesystem with ordered data mode. Opts: (null)
done.
Begin: Running /scripts/local-bottom ... done.
Begin: Running /scripts/init-bottom ... done.
[    8.888723] ip_tables: (C) 2000-2006 Netfilter Core Team
[    9.033693] random: crng init done
[    9.035471] random: 7 urandom warning(s) missed due to ratelimiting
[    9.087858] systemd[1]: systemd 237 running in system mode. (+PAM +AUDIT +SELINUX +IMA +APPARMOR +SMACK +SYSVINIT +UTMP +LIBCRYPTSETUP +GCRYPT +GNUTLS +ACL +XZ +LZ4 +SECCOMP +BLKID +ELFUTILS +KMOD -IDN2 +IDN -PCRE2 default-hierarchy=hybrid)
[    9.099082] systemd[1]: Detected virtualization oracle.
[    9.101637] systemd[1]: Detected architecture x86-64.

Welcome to [1mUbuntu 18.04.5 LTS[0m!

[    9.156861] systemd[1]: Set hostname to <ubuntu-bionic>.
[   11.396291] systemd[1]: Created slice System Slice.
[[0;32m  OK  [0m] Created slice System Slice.
[   11.448232] systemd[1]: Listening on udev Control Socket.
[[0;32m  OK  [0m] Listening on udev Control Socket.
[   11.452159] systemd[1]: Listening on Syslog Socket.
[[0;32m  OK  [0m] Listening on Syslog Socket.
[   11.455057] systemd[1]: Listening on Device-mapper event daemon FIFOs.
[[0;32m  OK  [0m] Listening on Device-mapper event daemon FIFOs.
[   11.459019] systemd[1]: Reached target System Time Synchronized.
[[0;32m  OK  [0m] Reached target System Time Synchronized.
[   11.462726] systemd[1]: Listening on udev Kernel Socket.
[[0;32m  OK  [0m] Listening on udev Kernel Socket.
[[0;32m  OK  [0m] Listening on LVM2 metadata daemon socket.
[[0;32m  OK  [0m] Started Forward Password Requests to Wall Directory Watch.
[[0;32m  OK  [0m] Listening on /dev/initctl Compatibility Named Pipe.
[[0;32m  OK  [0m] Listening on fsck to fsckd communication Socket.
[[0;32m  OK  [0m] Created slice User and Session Slice.
[[0;32m  OK  [0m] Reached target Slices.
[[0;32m  OK  [0m] Listening on LVM2 poll daemon socket.
[[0;32m  OK  [0m] Listening on Journal Socket (/dev/log).
[[0;32m  OK  [0m] Set up automount Arbitrary Executabâ€¦rmats File System Automount Point.
[[0;32m  OK  [0m] Created slice system-serial\x2dgetty.slice.
[[0;32m  OK  [0m] Listening on Journal Audit Socket.
[[0;32m  OK  [0m] Reached target Swap.
[[0;32m  OK  [0m] Reached target User and Group Name Lookups.
[[0;32m  OK  [0m] Listening on Network Service Netlink Socket.
[[0;32m  OK  [0m] Listening on Journal Socket.
         Starting Uncomplicated firewall...
         Starting Monitoring of LVM2 mirrorsâ€¦ng dmeventd or progress polling...
         Starting Set the console keyboard layout...
         Starting Journal Service...
         Starting Create list of required stâ€¦ce nodes for the current kernel...
         Mounting Kernel Debug File System...
         Starting Load Kernel Modules...
         Mounting Huge Pages File System...
         Starting udev Coldplug all Devices...
         Mounting POSIX Message Queue File System...
         Starting File System Check on Root Device...
[[0;32m  OK  [0m] Started Uncomplicated firewall.
[[0;32m  OK  [0m] Started Create list of required staâ€¦vice nodes for the current kernel.
[[0;32m  OK  [0m] Mounted Kernel Debug File System.
[[0;32m  OK  [0m] Mounted Huge Pages File System.
[[0;32m  OK  [0m] Mounted POSIX Message Queue File System.
         Starting Create Static Device Nodes in /dev...
[[0;32m  OK  [0m] Started udev Coldplug all Devices.
[[0;32m  OK  [0m] Started File System Check Daemon to report status.
[[0;32m  OK  [0m] Started Journal Service.
[   13.377116] Loading iSCSI transport class v2.0-870.
[[0;32m  OK  [0m] Started File System Check on Root Device.
         Starting Remount Root and Kernel File Systems...
[[0;32m  OK  [0m] Started LVM2 metadata daemon.
[   13.573561] iscsi: registered transport (tcp)
[[0;32m  OK  [0m] Started Set the console keyboard layout.
[   13.749377] iscsi: registered transport (iser)
[   13.752811] EXT4-fs (sda1): re-mounted. Opts: (null)
[[0;32m  OK  [0m] Started Load Kernel Modules.
[[0;32m  OK  [0m] Started Remount Root and Kernel File Systems.
         Starting Load/Save Random Seed...
         Starting Flush Journal to Persistent Storage...
         Mounting FUSE Control File System...
         Starting Apply Kernel Variables...
         Mounting Kernel Configuration File System...
[[0;32m  OK  [0m] Started Monitoring of LVM2 mirrors,â€¦sing dmeventd or progress polling.
[[0;32m  OK  [0m] Mounted FUSE Control File System.
[[0;32m  OK  [0m] Mounted Kernel Configuration File System.
[[0;32m  OK  [0m] Started Load/Save Random Seed.
[[0;32m  OK  [0m] Started Create Static Device Nodes in /dev.
[[0;32m  OK  [0m] Reached target Local File Systems (Pre).
[[0;32m  OK  [0m] Reached target Local File Systems.
         Starting AppArmor initialization...
         Starting ebtables ruleset management...
         Starting Tell Plymouth To Write Out Runtime Data...
         Starting Set console font and keymap...
         Mounting /vagrant...
         Starting udev Kernel Device Manager...
[[0;32m  OK  [0m] Started Tell Plymouth To Write Out Runtime Data.
[[0;32m  OK  [0m] Started Set console font and keymap.
[[0;32m  OK  [0m] Started Apply Kernel Variables.
[[0;32m  OK  [0m] Mounted /vagrant.
[[0;32m  OK  [0m] Started udev Kernel Device Manager.
[[0;32m  OK  [0m] Started Dispatch Password Requests to Console Directory Watch.
[[0;32m  OK  [0m] Reached target Local Encrypted Volumes.
[[0;32m  OK  [0m] Started Flush Journal to Persistent Storage.
         Starting Create Volatile Files and Directories...
[[0;32m  OK  [0m] Started ebtables ruleset management.
[[0;32m  OK  [0m] Started Create Volatile Files and Directories.
         Starting Update UTMP about System Boot/Shutdown...
[[0;32m  OK  [0m] Started Update UTMP about System Boot/Shutdown.
[[0;32m  OK  [0m] Found device /dev/ttyS0.
[[0;32m  OK  [0m] Listening on Load/Save RF Kill Switch Status /dev/rfkill Watch.
[[0;32m  OK  [0m] Started AppArmor initialization.
         Starting Load AppArmor profiles managed internally by snapd...
         Starting Initial cloud-init job (pre-networking)...
[[0;32m  OK  [0m] Started Load AppArmor profiles managed internally by snapd.
[   24.254982] cloud-init[561]: Cloud-init v. 20.4.1-0ubuntu1~18.04.1 running 'init-local' at Tue, 30 Mar 2021 03:19:39 +0000. Up 23.60 seconds.
[[0;32m  OK  [0m] Started Initial cloud-init job (pre-networking).
[[0;32m  OK  [0m] Reached target Network (Pre).
         Starting Network Service...
[[0;32m  OK  [0m] Started Network Service.
         Starting Network Name Resolution...
         Starting Wait for Network to be Configured...
[[0;32m  OK  [0m] Started Network Name Resolution.
[[0;32m  OK  [0m] Reached target Network.
[[0;32m  OK  [0m] Reached target Host and Network Name Lookups.
[[0;32m  OK  [0m] Started Wait for Network to be Configured.
         Starting Initial cloud-init job (metadata service crawler)...
[   27.315383] cloud-init[686]: Cloud-init v. 20.4.1-0ubuntu1~18.04.1 running 'init' at Tue, 30 Mar 2021 03:19:42 +0000. Up 26.93 seconds.
[   27.319505] cloud-init[686]: ci-info: +++++++++++++++++++++++++++++++++++++++++++++Net device info+++++++++++++++++++++++++++++++++++++++++++++
[   27.322762] cloud-init[686]: ci-info: +--------+------+------------------------------------------+---------------+--------+-------------------+
[   27.325156] cloud-init[686]: ci-info: | Device |  Up  |                 Address                  |      Mask     | Scope  |     Hw-Address    |
[   27.327351] cloud-init[686]: ci-info: +--------+------+------------------------------------------+---------------+--------+-------------------+
[   27.329677] cloud-init[686]: ci-info: | enp0s3 | True |                10.0.2.15                 | 255.255.255.0 | global | 02:45:97:fd:e2:17 |
[   27.332089] cloud-init[686]: ci-info: | enp0s3 | True |        fe80::45:97ff:fefd:e217/64        |       .       |  link  | 02:45:97:fd:e2:17 |
[   27.336516] cloud-init[686]: ci-info: | enp0s8 | True |               192.168.0.20               | 255.255.255.0 | global | 08:00:27:ec:26:bb |
[   27.339410] cloud-init[686]: ci-info: | enp0s8 | True | 2804:2a50:100:3600:a00:27ff:feec:26bb/64 |       .       | global | 08:00:27:ec:26:bb |
[   27.350194] cloud-init[686]: ci-info: | enp0s8 | True |       fe80::a00:27ff:feec:26bb/64        |       .       |  link  | 08:00:27:ec:26:bb |
[   27.352964] cloud-init[686]: ci-info: |   lo   | True |                127.0.0.1                 |   255.0.0.0   |  host  |         .         |
[   27.356493] cloud-init[686]: ci-info: |   lo   | True |                 ::1/128                  |       .       |  host  |         .         |
[   27.359559] cloud-init[686]: ci-info: +--------+------+------------------------------------------+---------------+--------+-------------------+
[   27.362480] cloud-init[686]: ci-info: ++++++++++++++++++++++++++++Route IPv4 info+++++++++++++++++++++++++++++
[   27.364922] cloud-init[686]: ci-info: +-------+-------------+----------+-----------------+-----------+-------+
[   27.366789] cloud-init[686]: ci-info: | Route | Destination | Gateway  |     Genmask     | Interface | Flags |
[   27.368915] cloud-init[686]: ci-info: +-------+-------------+----------+-----------------+-----------+-------+
[   27.370913] cloud-init[686]: ci-info: |   0   |   0.0.0.0   | 10.0.2.2 |     0.0.0.0     |   enp0s3  |   UG  |
[   27.373102] cloud-init[686]: ci-info: |   1   |   10.0.2.0  | 0.0.0.0  |  255.255.255.0  |   enp0s3  |   U   |
[   27.375144] cloud-init[686]: ci-info: |   2   |   10.0.2.2  | 0.0.0.0  | 255.255.255.255 |   enp0s3  |   UH  |
[   27.377313] cloud-init[686]: ci-info: |   3   | 192.168.0.0 | 0.0.0.0  |  255.255.255.0  |   enp0s8  |   U   |
[   27.379719] cloud-init[686]: ci-info: +-------+-------------+----------+-----------------+-----------+-------+
[   27.382506] cloud-init[686]: ci-info: ++++++++++++++++++++++++++++++++++Route IPv6 info++++++++++++++++++++++++++++++++++
[   27.386528] cloud-init[686]: ci-info: +-------+-------------------------+---------------------------+-----------+-------+
[   27.390242] cloud-init[686]: ci-info: | Route |       Destination       |          Gateway          | Interface | Flags |
[   27.393361] cloud-init[686]: ci-info: +-------+-------------------------+---------------------------+-----------+-------+
[   27.396812] cloud-init[686]: ci-info: |   1   | 2804:2a50:100:3600::/64 |             ::            |   enp0s8  |   U   |
[   27.400525] cloud-init[686]: ci-info: |   2   |        fe80::/64        |             ::            |   enp0s8  |   U   |
[   27.403142] cloud-init[686]: ci-info: |   3   |        fe80::/64        |             ::            |   enp0s3  |   U   |
[   27.405234] cloud-init[686]: ci-info: |   4   |           ::/0          | fe80::5ad5:6eff:fe7b:81e4 |   enp0s8  |   UG  |
[   27.407319] cloud-init[686]: ci-info: |   6   |          local          |             ::            |   enp0s3  |   U   |
[   27.409612] cloud-init[686]: ci-info: |   7   |          local          |             ::            |   enp0s8  |   U   |
[   27.411581] cloud-init[686]: ci-info: |   8   |         ff00::/8        |             ::            |   enp0s8  |   U   |
[   27.413694] cloud-init[686]: ci-info: |   9   |         ff00::/8        |             ::            |   enp0s3  |   U   |
[   27.416445] cloud-init[686]: ci-info: +-------+-------------------------+---------------------------+-----------+-------+
[[0;32m  OK  [0m] Started Initial cloud-init job (metadata service crawler).
[[0;32m  OK  [0m] Reached target System Initialization.
[[0;32m  OK  [0m] Started Discard unused blocks once a week.
[[0;32m  OK  [0m] Started Daily Cleanup of Temporary Directories.
         Starting Socket activation for snappy daemon.
[[0;32m  OK  [0m] Listening on Open-iSCSI iscsid Socket.
[[0;32m  OK  [0m] Listening on D-Bus System Message Bus Socket.
         Starting LXD - unix socket.
[[0;32m  OK  [0m] Started Message of the Day.
[[0;32m  OK  [0m] Listening on ACPID Listen Socket.
[[0;32m  OK  [0m] Started ACPI Events Check.
[[0;32m  OK  [0m] Reached target Paths.
[[0;32m  OK  [0m] Started Daily apt download activities.
[[0;32m  OK  [0m] Started Daily apt upgrade and clean activities.
[[0;32m  OK  [0m] Reached target Timers.
[[0;32m  OK  [0m] Listening on UUID daemon activation socket.
[[0;32m  OK  [0m] Reached target Cloud-config availability.
[[0;32m  OK  [0m] Reached target Network is Online.
         Starting Availability of block devices...
[[0;32m  OK  [0m] Reached target Remote File Systems (Pre).
[[0;32m  OK  [0m] Reached target Remote File Systems.
[[0;32m  OK  [0m] Listening on Socket activation for snappy daemon.
[[0;32m  OK  [0m] Listening on LXD - unix socket.
[[0;32m  OK  [0m] Started Availability of block devices.
[[0;32m  OK  [0m] Reached target Sockets.
[[0;32m  OK  [0m] Reached target Basic System.
[[0;32m  OK  [0m] Started Deferred execution scheduler.
         Starting Accounts Service...
[[0;32m  OK  [0m] Started FUSE filesystem for LXC.
[[0;32m  OK  [0m] Started D-Bus System Message Bus.
[[0;32m  OK  [0m] Started irqbalance daemon.
         Starting LSB: automatic crash report generation...
         Starting OpenBSD Secure Shell server...
         Starting LSB: Record successful boot for GRUB...
         Starting Dispatcher daemon for systemd-networkd...
         Starting Permit User Sessions...
         Starting System Logging Service...
         Starting Snap Daemon...
[[0;32m  OK  [0m] Started Regular background program processing daemon.
         Starting LXD - container startup/shutdown...
         Starting Login Service...
         Starting Virtualbox guest utils...
[[0;32m  OK  [0m] Started Permit User Sessions.
         Starting Authorization Manager...
         Starting Terminate Plymouth Boot Screen...
         Starting Hold until boot process finishes up...
[[0;32m  OK  [0m] Started Terminate Plymouth Boot Screen.
[[0;32m  OK  [0m] Started Hold until boot process finishes up.
[[0;32m  OK  [0m] Started Serial Getty on ttyS0.
         Starting Set console scheme...
[[0;32m  OK  [0m] Started Set console scheme.
[[0;32m  OK  [0m] Created slice system-getty.slice.
[[0;32m  OK  [0m] Started Getty on tty1.
[[0;32m  OK  [0m] Reached target Login Prompts.
[[0;32m  OK  [0m] Started LSB: automatic crash report generation.
[[0;32m  OK  [0m] Started Login Service.
[[0;32m  OK  [0m] Started Unattended Upgrades Shutdown.
[[0;32m  OK  [0m] Started LSB: Record successful boot for GRUB.
[[0;32m  OK  [0m] Started Authorization Manager.
[[0;32m  OK  [0m] Started Accounts Service.
[[0;32m  OK  [0m] Started System Logging Service.
[[0;32m  OK  [0m] Started Virtualbox guest utils.
[[0;32m  OK  [0m] Started OpenBSD Secure Shell server.
[[0;32m  OK  [0m] Started Dispatcher daemon for systemd-networkd.
[[0;32m  OK  [0m] Created slice User Slice of vagrant.
         Starting User Manager for UID 1000...
[[0;32m  OK  [0m] Started Session 1 of user vagrant.

Ubuntu 18.04.5 LTS ubuntu-bionic ttyS0

ubuntu-bionic login: [   39.037844] cloud-init[1239]: Cloud-init v. 20.4.1-0ubuntu1~18.04.1 running 'modules:config' at Tue, 30 Mar 2021 03:19:54 +0000. Up 38.63 seconds.
[   40.629427] cloud-init[1298]: Cloud-init v. 20.4.1-0ubuntu1~18.04.1 running 'modules:final' at Tue, 30 Mar 2021 03:19:55 +0000. Up 40.26 seconds.
[   40.629658] cloud-init[1298]: Cloud-init v. 20.4.1-0ubuntu1~18.04.1 finished at Tue, 30 Mar 2021 03:19:56 +0000. Datasource DataSourceNoCloud [seed=/dev/sdb][dsmode=net].  Up 40.59 seconds
         Unmounting /vagrant...
         Stopping Availability of block devices...
         Stopping Session 6 of user vagrant.
[[0;32m  OK  [0m] Stopped target Host and Network Name Lookups.
         Stopping Daemon for generating UUIDs...
         Stopping User Manager for UID 1000...
[[0;32m  OK  [0m] Stopped target Cloud-init target.
[[0;32m  OK  [0m] Stopped Execute cloud user/final scripts.
[[0;32m  OK  [0m] Stopped Apply the settings specified in cloud-config.
[[0;32m  OK  [0m] Stopped target Cloud-config availability.
[[0;32m  OK  [0m] Stopped target Network is Online.
         Stopping Authorization Manager...
[[0;32m  OK  [0m] Stopped target Graphical Interface.
[[0;32m  OK  [0m] Stopped target Multi-User System.
         Stopping LSB: Record successful boot for GRUB...
[[0;32m  OK  [0m] Stopped Wait until snapd is fully seeded.
         Stopping Deferred execution scheduler...
         Stopping Regular background program processing daemon...
         Stopping D-Bus System Message Bus...
[[0;32m  OK  [0m] Stopped target Login Prompts.
         Stopping Getty on tty1...
         Stopping Serial Getty on ttyS0...
         Stopping FUSE filesystem for LXC...
         Stopping OpenBSD Secure Shell server...
         Stopping LSB: automatic crash report generation...
         Stopping irqbalance daemon...
         Stopping Dispatcher daemon for systemd-networkd...
         Stopping LXD - container startup/shutdown...
         Stopping System Logging Service...
         Stopping Accounts Service...
[[0;32m  OK  [0m] Stopped target Timers.
[[0;32m  OK  [0m] Stopped Daily Cleanup of Temporary Directories.
[[0;32m  OK  [0m] Stopped Daily apt upgrade and clean activities.
[[0;32m  OK  [0m] Stopped Daily apt download activities.
[[0;32m  OK  [0m] Stopped Discard unused blocks once a week.
[[0;32m  OK  [0m] Closed Load/Save RF Kill Switch Status /dev/rfkill Watch.
         Stopping Virtualbox guest utils...
[[0;32m  OK  [0m] Stopped Message of the Day.
[[0;32m  OK  [0m] Stopped target System Time Synchronized.
[[0;32m  OK  [0m] Unmounted /var/lib/lxcfs.
[[0;32m  OK  [0m] Stopped Deferred execution scheduler.
[[0;32m  OK  [0m] Stopped Accounts Service.
[[0;32m  OK  [0m] Stopped irqbalance daemon.
[[0;32m  OK  [0m] Stopped Dispatcher daemon for systemd-networkd.
[[0;32m  OK  [0m] Stopped System Logging Service.
[[0;32m  OK  [0m] Stopped Regular background program processing daemon.
[[0;32m  OK  [0m] Stopped Authorization Manager.
[[0;32m  OK  [0m] Stopped Serial Getty on ttyS0.
[[0;32m  OK  [0m] Stopped Getty on tty1.
[[0;32m  OK  [0m] Stopped OpenBSD Secure Shell server.
[[0;32m  OK  [0m] Stopped Daemon for generating UUIDs.
[[0;32m  OK  [0m] Stopped User Manager for UID 1000.
[[0;32m  OK  [0m] Stopped D-Bus System Message Bus.
[[0;32m  OK  [0m] Stopped FUSE filesystem for LXC.
[[0;32m  OK  [0m] Stopped Session 6 of user vagrant.
[[0;1;31mFAILED[0m] Failed unmounting /vagrant.
[[0;32m  OK  [0m] Removed slice User Slice of vagrant.
         Stopping Login Service...
[[0;32m  OK  [0m] Removed slice system-getty.slice.
         Stopping Permit User Sessions...
[[0;32m  OK  [0m] Removed slice system-serial\x2dgetty.slice.
[[0;32m  OK  [0m] Stopped LXD - container startup/shutdown.
[[0;32m  OK  [0m] Stopped Availability of block devices.
[[0;32m  OK  [0m] Stopped LSB: Record successful boot for GRUB.
[[0;32m  OK  [0m] Stopped Permit User Sessions.
[[0;32m  OK  [0m] Stopped LSB: automatic crash report generation.
[[0;32m  OK  [0m] Stopped target Network.
         Stopping Network Name Resolution...
[[0;32m  OK  [0m] Stopped target Remote File Systems.
[[0;32m  OK  [0m] Stopped target Remote File Systems (Pre).
[[0;32m  OK  [0m] Stopped Login Service.
[[0;32m  OK  [0m] Stopped target User and Group Name Lookups.
[[0;32m  OK  [0m] Stopped Network Name Resolution.
         Stopping Network Service...
[[0;32m  OK  [0m] Stopped Virtualbox guest utils.
[[0;32m  OK  [0m] Stopped target Basic System.
[[0;32m  OK  [0m] Stopped target Paths.
[[0;32m  OK  [0m] Stopped ACPI Events Check.
[[0;32m  OK  [0m] Stopped target Sockets.
[[0;32m  OK  [0m] Closed UUID daemon activation socket.
[[0;32m  OK  [0m] Closed Socket activation for snappy daemon.
[[0;32m  OK  [0m] Closed Syslog Socket.
[[0;32m  OK  [0m] Closed LXD - unix socket.
[[0;32m  OK  [0m] Closed ACPID Listen Socket.
[[0;32m  OK  [0m] Clo[[0;32m  OK  [0m] Stopped Unattended Upgrades Shutdown.
[[0;32m  OK  [0m] Stopped target Host and Network Name Lookups.
         Stopping Availability of block devices...
[[0;32m  OK  [0m] Stopped target Graphical Interface.
[[0;32m  OK  [0m] Stopped target Cloud-init target.
[[0;32m  OK  [0m] Stopped Execute cloud user/final scripts.
[[0;32m  OK  [0m] Stopped target Multi-User System.
         Stopping LSB: Record successful boot for GRUB...
         Stopping irqbalance daemon...
         Stopping Virtualbox guest utils...
         Stopping System Logging Service...
         Stopping Regular background program processing daemon...
         Stopping Dispatcher daemon for systemd-networkd...
         Stopping Session 5 of user vagrant.
         Stopping FUSE filesystem for LXC...
         Stopping LSB: automatic crash report generation...
         Stopping D-Bus System Message Bus...
[[0;32m  OK  [0m] Stopped Apply the settings specified in cloud-config.
[[0;32m  OK  [0m] Stopped target Network is Online.
[[0;32m  OK  [0m] Stopped Wait until snapd is fully seeded.
         Stopping User Manager for UID 1000...
         Stopping OpenBSD Secure Shell server...
[[0;32m  OK  [0m] Stopped target Timers.
[[0;32m  OK  [0m] Stopped Discard unused blocks once a week.
[[0;32m  OK  [0m] Stopped Daily apt upgrade and clean activities.
[[0;32m  OK  [0m] Stopped Daily apt download activities.
         Stopping LXD - container startup/shutdown...
[[0;32m  OK  [0m] Stopped target Cloud-config availability.
[[0;32m  OK  [0m] Stopped target Login Prompts.
         Stopping Serial Getty on ttyS0...
[[0;32m  OK  [0m] Closed Stopping Accounts Service...
         Stopping Getty on tty1...
         Stopping Deferred execution scheduler...
         Stopping Authorization Manager...
[[0;32m  OK  [0m] Stopped Daily Cleanup of Temporary Directories.
[[0;32m  OK  [0m] Unmounted /var/lib/lxcfs.
[[0;32m  OK  [0m] Stopped Deferred execution scheduler.
[[0;32m  OK  [0m] Stopped irqbalance daemon.
[[0;32m  OK  [0m] Stopped Regular background program processing daemon.
[[0;32m  OK  [0m] Stopped System Logging Service.
[[0;32m  OK  [0m] Stopped Accounts Service.
[[0;32m  OK  [0m] Stopped Dispatcher daemon for systemd-networkd.
[[0;32m  OK  [0m] Stopped Serial Getty on ttyS0.
[[0;32m  OK  [0m] Stopped Getty on tty1.
[[0;32m  OK  [0m] Stopped Authorization Manager.
[[0;32m  OK  [0m] Stopped OpenBSD Secure Shell server.
[[0;32m  OK  [0m] Stopped User Manager for UID 1000.
[[0;32m  OK  [0m] Stopped D-Bus System Message Bus.
[[0;32m  OK  [0m] Stopped FUSE filesystem for LXC.
[[0;32m  OK  [0m] Stopped Session 5 of user vagrant.
[[0;32m  OK  [0m] Stopped LXD - container startup/shutdown.
[[0;32m  OK  [0m] Removed slice User Slice of vagrant.
         Stopping Login Service...
[[0;32m  OK  [0m] Removed slice system-getty.slice.
[[0;32m  OK  [0m] Removed slice system-serial\x2dgetty.slice.
         Stopping Permit User Sessions...
[[0;32m  OK  [0m] Stopped Permit User Sessions.
[[0;32m  OK  [0m] Stopped target Network.
         Stopping Network Name Resolution...
[[0;32m  OK  [0m] Stopped LSB: Record successful boot for GRUB.
[[0;32m  OK  [0m] Stopped Availability of block devices.
[[0;32m  OK  [0m] Stopped Network Name Resolution.
[[0;32m  OK  [0m] Stopped LSB: automatic crash report generation.
[[0;32m  OK  [0m] Stopped target Remote File Systems.
[[0;32m  OK  [0m] Stopped target Remote File Systems (Pre).
         Stopping Network Service...
[[0;32m  OK  [0m] Stopped Login Service.
[[0;32m  OK  [0m] Stopped target User and Group Name Lookups.
[[0;32m  OK  [0m] Stopped Virtualbox guest utils.
[[0;32m  OK  [0m] Stopped target Basic System.
[[0;32m  OK  [0m] Stopped target Sockets.
[[0;32m  OK  [0m] Closed Socket activation for snappy daemon.
[[0;32m  OK  [0m] Closed Syslog Socket.
[[0;32m  OK  [0m] Closed LXD - unix socket.
[[0;32m  OK  [0m] Closed D-Bus System Message Bus Socket.
[[0;32m  OK  [0m] Closed ACPID Listen Socket.
[[0;32m  OK  [0m] Closed UUID daemon activation socket.
[[0;32m  OK  [0m] Closed Open-iSCSI iscsid Socket.
[[0;32m  OK  [0m] Stopped target Slices.
[[0;32m  OK  [0m] Removed slice User and Session Slice.
[[0;32m  OK  [0m] Stopped target Paths.
[[0;32m  OK  [0m] Stopped ACPI Events Check.
[[0;32m  OK  [0m] Stopped target System Initialization.
[[0;32m  OK  [0m] Stopped target Local Encrypted Volumes.
[[0;32m  OK  [0m] Stopped Dispatch Password Requests to Console Directory Watch.
[[0;32m  OK  [0m] Stopped Forward Password Requests to Wall Directory Watch.
         Stopping Update UTMP about System Boot/Shutdown...
[[0;32m  OK  [0m] Stopped Initial cloud-init job (metadata service crawler).
[[0;32m  OK  [0m] Stopped Commit a transient machine-id on disk.
         Stopping Load/Save Random Seed...
[[0;32m  OK  [0m] Stopped Network Service.
[[0;32m  OK  [0m] Stopped Apply Kernel Variables.
[[0;32m  OK  [0m] Stopped Load Kernel Modules.
[[0;32m  OK  [0m] Stopped target Network (Pre).
[[0;32m  OK  [0m] Stopped Initial cloud-init job (pre-networking).
[[0;32m  OK  [0m] Stopped Update UTMP about System Boot/Shutdown.
[[0;32m  OK  [0m] Stopped Create Volatile Files and Directories.
[[0;32m  OK  [0m] Stopped target Local File Systems.
         Unmounting /run/user/1000...
         Unmounting /vagrant...
[[0;32m  OK  [0m] Stopped Load/Save Random Seed.
[[0;32m  OK  [0m] Unmounted /run/user/1000.
[[0;32m  OK  [0m] Stopped target Swap.
[[0;32m  OK  [0m] Unmounted /vagrant.
[[0;32m  OK  [0m] Reached target Unmount All Filesystems.
[[0;32m  OK  [0m] Stopped target Local File Systems (Pre).
         Stopping Monitoring of LVM2 mirrorsâ€¦ng dmeventd or progress polling...
[[0;32m  OK  [0m] Stopped Create Static Device Nodes in /dev.
[[0;32m  OK  [0m] Stopped Remount Root and Kernel File Systems.
[[0;32m  OK  [0m] Reached target Shutdown.
[[0;32m  OK  [0m] Reached target Final Step.
         Starting Power-Off...
[ 2263.230573] reboot: Power down
